Archive member included to satisfy reference by file (symbol)

C:\Users\bitshen\Desktop\SGP41\SGP41-CH59x\StdPeriphDriver\libISP592.a(ISP583.o)
                              ./StdPeriphDriver/CH59x_flash.o (FLASH_EEPROM_CMD)
e:/mounriver/mounriver_studio/toolchain/risc-v embedded gcc12/bin/../lib/gcc/riscv-none-elf/12.2.0/../../../../riscv-none-elf/lib\libm_nano.a(lib_a-wf_exp.o)
                              ./HAL/sensirion_gas_index_algorithm.o (expf)
e:/mounriver/mounriver_studio/toolchain/risc-v embedded gcc12/bin/../lib/gcc/riscv-none-elf/12.2.0/../../../../riscv-none-elf/lib\libm_nano.a(lib_a-wf_sqrt.o)
                              ./HAL/sensirion_gas_index_algorithm.o (sqrtf)
e:/mounriver/mounriver_studio/toolchain/risc-v embedded gcc12/bin/../lib/gcc/riscv-none-elf/12.2.0/../../../../riscv-none-elf/lib\libm_nano.a(lib_a-ef_exp.o)
                              e:/mounriver/mounriver_studio/toolchain/risc-v embedded gcc12/bin/../lib/gcc/riscv-none-elf/12.2.0/../../../../riscv-none-elf/lib\libm_nano.a(lib_a-wf_exp.o) (__ieee754_expf)
e:/mounriver/mounriver_studio/toolchain/risc-v embedded gcc12/bin/../lib/gcc/riscv-none-elf/12.2.0/../../../../riscv-none-elf/lib\libm_nano.a(lib_a-ef_sqrt.o)
                              e:/mounriver/mounriver_studio/toolchain/risc-v embedded gcc12/bin/../lib/gcc/riscv-none-elf/12.2.0/../../../../riscv-none-elf/lib\libm_nano.a(lib_a-wf_sqrt.o) (__ieee754_sqrtf)
e:/mounriver/mounriver_studio/toolchain/risc-v embedded gcc12/bin/../lib/gcc/riscv-none-elf/12.2.0/../../../../riscv-none-elf/lib\libm_nano.a(lib_a-math_errf.o)
                              e:/mounriver/mounriver_studio/toolchain/risc-v embedded gcc12/bin/../lib/gcc/riscv-none-elf/12.2.0/../../../../riscv-none-elf/lib\libm_nano.a(lib_a-ef_exp.o) (__math_uflowf)
e:/mounriver/mounriver_studio/toolchain/risc-v embedded gcc12/bin/../lib/gcc/riscv-none-elf/12.2.0/../../../../riscv-none-elf/lib\libm_nano.a(lib_a-sf_finite.o)
                              e:/mounriver/mounriver_studio/toolchain/risc-v embedded gcc12/bin/../lib/gcc/riscv-none-elf/12.2.0/../../../../riscv-none-elf/lib\libm_nano.a(lib_a-wf_exp.o) (finitef)
C:\Users\bitshen\Desktop\SGP41\SGP41-CH59x\LIB\libCH59xBLE.a(message.o)
                              ./HAL/MCU.o (tmos_msg_deallocate)
C:\Users\bitshen\Desktop\SGP41\SGP41-CH59x\LIB\libCH59xBLE.a(tmos.o)
                              ./Profile/devinfoservice.o (tmos_memcpy)
C:\Users\bitshen\Desktop\SGP41\SGP41-CH59x\LIB\libCH59xBLE.a(tmos_hw.o)
                              C:\Users\bitshen\Desktop\SGP41\SGP41-CH59x\LIB\libCH59xBLE.a(tmos.o) (bleClock_t)
C:\Users\bitshen\Desktop\SGP41\SGP41-CH59x\LIB\libCH59xBLE.a(tmos_snv.o)
                              C:\Users\bitshen\Desktop\SGP41\SGP41-CH59x\LIB\libCH59xBLE.a(tmos.o) (tmos_snv_init)
C:\Users\bitshen\Desktop\SGP41\SGP41-CH59x\LIB\libCH59xBLE.a(gap.o)
                              ./APP/broadcaster.o (GAP_SetParamValue)
C:\Users\bitshen\Desktop\SGP41\SGP41-CH59x\LIB\libCH59xBLE.a(gap_central.o)
                              C:\Users\bitshen\Desktop\SGP41\SGP41-CH59x\LIB\libCH59xBLE.a(gap.o) (gapProcessPeriodicAdvertisingSyncEstablishedEvt)
C:\Users\bitshen\Desktop\SGP41\SGP41-CH59x\LIB\libCH59xBLE.a(gap_peripheral.o)
                              ./APP/broadcaster.o (GAP_UpdateAdvertisingData)
C:\Users\bitshen\Desktop\SGP41\SGP41-CH59x\LIB\libCH59xBLE.a(gatt_uuid.o)
                              ./Profile/devinfoservice.o (characterUUID)
C:\Users\bitshen\Desktop\SGP41\SGP41-CH59x\LIB\libCH59xBLE.a(gattservapp.o)
                              ./Profile/devinfoservice.o (GATTServApp_RegisterService)
C:\Users\bitshen\Desktop\SGP41\SGP41-CH59x\LIB\libCH59xBLE.a(l2cap.o)
                              C:\Users\bitshen\Desktop\SGP41\SGP41-CH59x\LIB\libCH59xBLE.a(gattservapp.o) (L2CAP_GetMTU)
C:\Users\bitshen\Desktop\SGP41\SGP41-CH59x\LIB\libCH59xBLE.a(l2cap_input.o)
                              C:\Users\bitshen\Desktop\SGP41\SGP41-CH59x\LIB\libCH59xBLE.a(l2cap.o) (l2capProcessRxData)
C:\Users\bitshen\Desktop\SGP41\SGP41-CH59x\LIB\libCH59xBLE.a(l2cap_output.o)
                              C:\Users\bitshen\Desktop\SGP41\SGP41-CH59x\LIB\libCH59xBLE.a(l2cap_input.o) (l2capNotifyData)
C:\Users\bitshen\Desktop\SGP41\SGP41-CH59x\LIB\libCH59xBLE.a(l2cap_sdu.o)
                              C:\Users\bitshen\Desktop\SGP41\SGP41-CH59x\LIB\libCH59xBLE.a(l2cap_input.o) (l2capBuildDisconnectRsp)
C:\Users\bitshen\Desktop\SGP41\SGP41-CH59x\LIB\libCH59xBLE.a(linkdb.o)
                              C:\Users\bitshen\Desktop\SGP41\SGP41-CH59x\LIB\libCH59xBLE.a(l2cap.o) (linkDB_Init)
C:\Users\bitshen\Desktop\SGP41\SGP41-CH59x\LIB\libCH59xBLE.a(sm.o)
                              C:\Users\bitshen\Desktop\SGP41\SGP41-CH59x\LIB\libCH59xBLE.a(gap.o) (smFreePairingParams)
C:\Users\bitshen\Desktop\SGP41\SGP41-CH59x\LIB\libCH59xBLE.a(sm_initiator.o)
                              C:\Users\bitshen\Desktop\SGP41\SGP41-CH59x\LIB\libCH59xBLE.a(sm.o) (smInitiatorSendNextKeyInfo)
[...]
Memory Configuration

Name             Origin             Length             Attributes
FLASH            0x0000000000000000 0x0000000000070000 xr
RAM              0x0000000020000000 0x0000000000006800 xrw
*default*        0x0000000000000000 0xffffffffffffffff

Linker script and memory map

LOAD ./StdPeriphDriver/CH59x_adc.o
LOAD ./StdPeriphDriver/CH59x_clk.o
LOAD ./StdPeriphDriver/CH59x_flash.o
LOAD ./StdPeriphDriver/CH59x_gpio.o
LOAD ./StdPeriphDriver/CH59x_i2c.o
LOAD ./StdPeriphDriver/CH59x_lcd.o
LOAD ./StdPeriphDriver/CH59x_pwr.o
LOAD ./StdPeriphDriver/CH59x_sys.o
LOAD ./StdPeriphDriver/CH59x_uart1.o
LOAD ./Startup/startup_CH592.o
LOAD ./RVMSIS/core_riscv.o
LOAD ./Profile/devinfoservice.o
LOAD ./LIB/ble_task_scheduler.o
LOAD ./HAL/MCU.o
LOAD ./HAL/RTC.o
LOAD ./HAL/SLEEP.o
LOAD ./HAL/algorithm_example_usage.o
LOAD ./HAL/sensirion_common.o
LOAD ./HAL/sensirion_gas_index_algorithm.o
LOAD ./HAL/sensirion_i2c.o
LOAD ./HAL/sensirion_i2c_hal.o
LOAD ./HAL/sgp41_i2c.o
LOAD ./HAL/sht4x_i2c.o
LOAD ./APP/app_i2c.o
LOAD ./APP/broadcaster.o
LOAD ./APP/broadcaster_main.o
LOAD C:\Users\bitshen\Desktop\SGP41\SGP41-CH59x\StdPeriphDriver\libISP592.a
LOAD e:/mounriver/mounriver_studio/toolchain/risc-v embedded gcc12/bin/../lib/gcc/riscv-none-elf/12.2.0/../../../../riscv-none-elf/lib\libm_nano.a
LOAD C:\Users\bitshen\Desktop\SGP41\SGP41-CH59x\LIB\libCH59xBLE.a
LOAD e:/mounriver/mounriver_studio/toolchain/risc-v embedded gcc12/bin/../lib/gcc/riscv-none-elf/12.2.0/../../../../riscv-none-elf/lib\libprintfloat.a
LOAD e:/mounriver/mounriver_studio/toolchain/risc-v embedded gcc12/bin/../lib/gcc/riscv-none-elf/12.2.0\libgcc.a
LOAD e:/mounriver/mounriver_studio/toolchain/risc-v embedded gcc12/bin/../lib/gcc/riscv-none-elf/12.2.0/../../../../riscv-none-elf/lib\libg_nano.a
LOAD e:/mounriver/mounriver_studio/toolchain/risc-v embedded gcc12/bin/../lib/gcc/riscv-none-elf/12.2.0/../../../../riscv-none-elf/lib\libc_nano.a
LOAD e:/mounriver/mounriver_studio/toolchain/risc-v embedded gcc12/bin/../lib/gcc/riscv-none-elf/12.2.0\libgcc.a
START GROUP
LOAD e:/mounriver/mounriver_studio/toolchain/risc-v embedded gcc12/bin/../lib/gcc/riscv-none-elf/12.2.0\libgcc.a
LOAD e:/mounriver/mounriver_studio/toolchain/risc-v embedded gcc12/bin/../lib/gcc/riscv-none-elf/12.2.0/../../../../riscv-none-elf/lib\libc_nano.a
LOAD e:/mounriver/mounriver_studio/toolchain/risc-v embedded gcc12/bin/../lib/gcc/riscv-none-elf/12.2.0/../../../../riscv-none-elf/lib\libnosys.a
END GROUP
START GROUP
LOAD e:/mounriver/mounriver_studio/toolchain/risc-v embedded gcc12/bin/../lib/gcc/riscv-none-elf/12.2.0\libgcc.a
LOAD e:/mounriver/mounriver_studio/toolchain/risc-v embedded gcc12/bin/../lib/gcc/riscv-none-elf/12.2.0/../../../../riscv-none-elf/lib\libc_nano.a
LOAD e:/mounriver/mounriver_studio/toolchain/risc-v embedded gcc12/bin/../lib/gcc/riscv-none-elf/12.2.0/../../../../riscv-none-elf/lib\libnosys.a
END GROUP

.init           0x0000000000000000        0x4
                0x0000000000000000                _sinit = .
                0x0000000000000000                . = ALIGN (0x4)
 *(SORT_NONE(.init))
 .init          0x0000000000000000        0x4 ./Startup/startup_CH592.o
                0x0000000000000000                _start
                0x0000000000000004                . = ALIGN (0x4)
                0x0000000000000004                _einit = .

.highcodelalign
                0x0000000000000004        0x0
                0x0000000000000004                . = ALIGN (0x4)
                0x0000000000000004                PROVIDE (_highcode_lma = .)

.highcode       0x0000000020000000     0x2344 load address 0x0000000000000004
                0x0000000020000000                . = ALIGN (0x4)
                0x0000000020000000                PROVIDE (_highcode_vma_start = .)
 *(.vector)
 .vector        0x0000000020000000       0x90 ./Startup/startup_CH592.o
 *(SORT_NONE(.vector_handler))
 .vector_handler
                0x0000000020000090        0x2 ./Startup/startup_CH592.o
                0x0000000020000090                GPIOB_IRQHandler
                0x0000000020000090                GPIOA_IRQHandler
                0x0000000020000090                SysTick_Handler
                0x0000000020000090                NMI_Handler
                0x0000000020000090                UART1_IRQHandler
                0x0000000020000090                UART0_IRQHandler
                0x0000000020000090                BB_IRQHandler
                0x0000000020000090                Break_Point_Handler
                0x0000000020000090                TMR0_IRQHandler
                0x0000000020000090                UART2_IRQHandler
                0x0000000020000090                PWMX_IRQHandler
                0x0000000020000090                ADC_IRQHandler
                0x0000000020000090                TMR2_IRQHandler
                0x0000000020000090                USB_IRQHandler
                0x0000000020000090                WDOG_BAT_IRQHandler
                0x0000000020000090                TMR3_IRQHandler
                0x0000000020000090                SW_Handler
                0x0000000020000090                SPI0_IRQHandler
                0x0000000020000090                UART3_IRQHandler
                0x0000000020000090                TMR1_IRQHandler
 *(.highcode)
 .highcode      0x0000000020000092      0x4e0 ./StdPeriphDriver/CH59x_pwr.o
                0x0000000020000092                LowPower_Idle
                0x00000000200000ce                LowPower_Halt
                0x00000000200001f4                LowPower_Sleep
                0x00000000200003fc                LowPower_Shutdown
 .highcode      0x0000000020000572      0x2b4 ./StdPeriphDriver/CH59x_sys.o
                0x0000000020000572                SetSysClock
                0x0000000020000714                SYS_ResetExecute
                0x000000002000076e                HardFault_Handler
                0x00000000200007f0                mDelayuS
                0x00000000200007fe                mDelaymS
 *fill*         0x0000000020000826        0x2 
 .highcode      0x0000000020000828       0x4e ./LIB/ble_task_scheduler.o
                0x0000000020000828                Ecall_U_Mode_Handler
                0x0000000020000828                Ecall_M_Mode_Handler
 .highcode      0x0000000020000876       0x2e ./HAL/RTC.o
                0x000000002000088e                RTC_IRQHandler
 .highcode      0x00000000200008a4      0x430 ./APP/app_i2c.o
                0x00000000200008a4                I2C_IRQHandler
 .highcode      0x0000000020000cd4      0x392 ./APP/broadcaster.o
                0x0000000020000cd4                sample_battery_voltage
                0x0000000020000d5a                read_sht4x_data
                0x0000000020000eba                read_sensor_data
                0x0000000020000fae                update_advert_data
 .highcode      0x0000000020001066        0xa ./APP/broadcaster_main.o
                0x0000000020001066                Main_Circulation
 .highcode      0x0000000020001070      0x426 C:\Users\bitshen\Desktop\SGP41\SGP41-CH59x\StdPeriphDriver\libISP592.a(ISP583.o)
                0x0000000020001070                FLASH_ROM_BEG
                0x0000000020001082                FLASH_ROM_END
                0x0000000020001090                FLASH_ROM_IN
                0x000000002000109e                FLASH_ROM_OUT
                0x00000000200010ac                FLASH_ROM_ADDR
                0x00000000200010f4                FLASH_ROM_WAIT
                0x000000002000112c                FLASH_EEPROM_CMD
 .highcode      0x0000000020001496      0x56e C:\Users\bitshen\Desktop\SGP41\SGP41-CH59x\LIB\libCH59xBLE.a(tmos.o)
                0x0000000020001496                tmos_memcpy
                0x00000000200014d0                tmos_memcpy_word
                0x0000000020001500                tmos_memset
                0x000000002000152e                tmos_strlen
                0x000000002000155a                tmos_memdup
                0x00000000200015a8                tmos_memcmp
                0x00000000200015f2                tmos_revmemcpy
                0x0000000020001626                tmos_isbufset
                0x00000000200017a8                ble_controller_func
                0x00000000200017e8                TMOS_SystemProcess
 .highcode      0x0000000020001a04       0x36 C:\Users\bitshen\Desktop\SGP41\SGP41-CH59x\LIB\libCH59xBLE.a(tmos_hw.o)
 .highcode      0x0000000020001a3a       0x4e C:\Users\bitshen\Desktop\SGP41\SGP41-CH59x\LIB\libCH59xBLE.a(ll_whitelist.o)
                0x0000000020001a3a                LL_WhitelistLookup
 .highcode      0x0000000020001a88      0x10c C:\Users\bitshen\Desktop\SGP41\SGP41-CH59x\LIB\libCH59xBLE.a(bb.o)
                0x0000000020001a88                BB_IRQLibHandler
                0x0000000020001b8e                BB_IRQLibFunction
 .highcode      0x0000000020001b94      0x1e6 C:\Users\bitshen\Desktop\SGP41\SGP41-CH59x\LIB\libCH59xBLE.a(ip.o)
                0x0000000020001b94                ll_rx_wait_finish
                0x0000000020001bd2                ble_ll_chkcrc
                0x0000000020001c64                ll_tx_wait_finish
 .highcode      0x0000000020001d7a      0x1f8 C:\Users\bitshen\Desktop\SGP41\SGP41-CH59x\LIB\libCH59xBLE.a(lle.o)
                0x0000000020001d7a                LLE_IRQSubHandler
 .highcode      0x0000000020001f72       0x3a C:\Users\bitshen\Desktop\SGP41\SGP41-CH59x\LIB\libCH59xBLE.a(rfend.o)
                0x0000000020001f72                RFEND_WaitTune
 .highcode      0x0000000020001fac      0x1ee C:\Users\bitshen\Desktop\SGP41\SGP41-CH59x\LIB\libCH59xBLE.a(memory.o)
                0x0000000020001fac                tmos_memory_allocate
                0x000000002000209a                tmos_memory_free
 .highcode      0x000000002000219a       0xd8 C:\Users\bitshen\Desktop\SGP41\SGP41-CH59x\LIB\libCH59xBLE.a(ll_resolvinglist.o)
                0x000000002000219a                LL_ResolvinglistPeerIdentifyAddressGetIrk
                0x00000000200021ee                LL_ResolvinglistPeerRpaAddressGetIrk
                0x0000000020002230                LL_ResolvinglistLocalRpaAddressGetIrk
 *(.highcode.*)
 *fill*         0x0000000020002272        0x2 
 .highcode.LLE_IRQHandler
                0x0000000020002274       0x86 ./LIB/ble_task_scheduler.o
                0x0000000020002274                LLE_IRQHandler
 *fill*         0x00000000200022fa        0x2 
 .highcode.ble_controller_scheduler
                0x00000000200022fc        0xa C:\Users\bitshen\Desktop\SGP41\SGP41-CH59x\LIB\libCH59xBLE.a(ble_task_process.o)
 *fill*         0x0000000020002306        0x2 
 .highcode.LLE_IRQLibHandler
                0x0000000020002308       0x3a C:\Users\bitshen\Desktop\SGP41\SGP41-CH59x\LIB\libCH59xBLE.a(ble_task_process.o)
                0x0000000020002308                LLE_IRQLibHandler
                0x0000000020002344                . = ALIGN (0x4)
 *fill*         0x0000000020002342        0x2 
                0x0000000020002344                PROVIDE (_highcode_vma_end = .)

.text           0x0000000000002348    0x1f1e8
                0x0000000000002348                . = ALIGN (0x4)
 *(SORT_NONE(.handle_reset))
 .handle_reset  0x0000000000002348       0xae ./Startup/startup_CH592.o
                0x0000000000002348                handle_reset
 *(.text)
 .text          0x00000000000023f6       0x16 e:/mounriver/mounriver_studio/toolchain/risc-v embedded gcc12/bin/../lib/gcc/riscv-none-elf/12.2.0/../../../../riscv-none-elf/lib\libg_nano.a(lib_a-memcpy-asm.o)
                0x00000000000023f6                memcpy
 *(.text.*)
 .text.ADC_DataCalib_Rough
                0x000000000000240c       0x92 ./StdPeriphDriver/CH59x_adc.o
                0x000000000000240c                ADC_DataCalib_Rough
 .text.ADC_InterBATSampInit
                0x000000000000249e       0x2a ./StdPeriphDriver/CH59x_adc.o
                0x000000000000249e                ADC_InterBATSampInit
 .text.ADC_ExcutSingleConver
                0x00000000000024c8       0x22 ./StdPeriphDriver/CH59x_adc.o
                0x00000000000024c8                ADC_ExcutSingleConver
 .text.HSECFG_Current
                0x00000000000024ea       0x4e ./StdPeriphDriver/CH59x_clk.o
                0x00000000000024ea                HSECFG_Current
 .text.RTC_InitTime
                0x0000000000002538      0x1e8 ./StdPeriphDriver/CH59x_clk.o
                0x0000000000002538                RTC_InitTime
 .text.RTC_GetCycle32k
                0x0000000000002720       0x18 ./StdPeriphDriver/CH59x_clk.o
                0x0000000000002720                RTC_GetCycle32k
 .text.GPIOA_ModeCfg
                0x0000000000002738       0x9e ./StdPeriphDriver/CH59x_gpio.o
                0x0000000000002738                GPIOA_ModeCfg
 .text.GPIOB_ModeCfg
                0x00000000000027d6       0x9e ./StdPeriphDriver/CH59x_gpio.o
                0x00000000000027d6                GPIOB_ModeCfg
 .text.I2C_GenerateSTART
                0x0000000000002874       0x22 ./StdPeriphDriver/CH59x_i2c.o
                0x0000000000002874                I2C_GenerateSTART
 .text.I2C_GenerateSTOP
                0x0000000000002896       0x22 ./StdPeriphDriver/CH59x_i2c.o
                0x0000000000002896                I2C_GenerateSTOP
 .text.I2C_AcknowledgeConfig
                0x00000000000028b8       0x22 ./StdPeriphDriver/CH59x_i2c.o
                0x00000000000028b8                I2C_AcknowledgeConfig
 .text.I2C_ITConfig
                0x00000000000028da       0x1e ./StdPeriphDriver/CH59x_i2c.o
                0x00000000000028da                I2C_ITConfig
 .text.I2C_SendData
                0x00000000000028f8        0xa ./StdPeriphDriver/CH59x_i2c.o
                0x00000000000028f8                I2C_SendData
 .text.I2C_ReceiveData
                0x0000000000002902        0xe ./StdPeriphDriver/CH59x_i2c.o
                0x0000000000002902                I2C_ReceiveData
 .text.I2C_SoftwareResetCmd
                0x0000000000002910       0x1a ./StdPeriphDriver/CH59x_i2c.o
                0x0000000000002910                I2C_SoftwareResetCmd
 .text.I2C_Init
                0x000000000000292a      0x16c ./StdPeriphDriver/CH59x_i2c.o
                0x000000000000292a                I2C_Init
 .text.I2C_GetLastEvent
                0x0000000000002a96       0x16 ./StdPeriphDriver/CH59x_i2c.o
                0x0000000000002a96                I2C_GetLastEvent
 .text.I2C_ClearFlag
                0x0000000000002aac       0x12 ./StdPeriphDriver/CH59x_i2c.o
                0x0000000000002aac                I2C_ClearFlag
 .text.PWR_DCDCCfg
                0x0000000000002abe      0x120 ./StdPeriphDriver/CH59x_pwr.o
                0x0000000000002abe                PWR_DCDCCfg
 .text.GetSysClock
                0x0000000000002bde       0x3e ./StdPeriphDriver/CH59x_sys.o
                0x0000000000002bde                GetSysClock
 .text.SYS_DisableAllIrq
                0x0000000000002c1c       0x1c ./StdPeriphDriver/CH59x_sys.o
                0x0000000000002c1c                SYS_DisableAllIrq
 .text.SYS_RecoverIrq
                0x0000000000002c38       0x14 ./StdPeriphDriver/CH59x_sys.o
                0x0000000000002c38                SYS_RecoverIrq
 .text.SYS_GetSysTickCnt
                0x0000000000002c4c        0xa ./StdPeriphDriver/CH59x_sys.o
                0x0000000000002c4c                SYS_GetSysTickCnt
 .text.HAL_ProcessEvent
                0x0000000000002c56       0x56 ./HAL/MCU.o
                0x0000000000002c56                HAL_ProcessEvent
 .text.CH59x_BLEInit
                0x0000000000002cac       0xec ./HAL/MCU.o
                0x0000000000002cac                CH59x_BLEInit
 .text.HAL_Init
                0x0000000000002d98       0x1c ./HAL/MCU.o
                0x0000000000002d98                HAL_Init
 .text.RTC_SetTignTime
                0x0000000000002db4       0x44 ./HAL/RTC.o
                0x0000000000002db4                RTC_SetTignTime
 .text.HAL_TimeInit
                0x0000000000002df8       0xbe ./HAL/RTC.o
                0x0000000000002df8                HAL_TimeInit
 .text.CH59x_LowPower
                0x0000000000002eb6       0x88 ./HAL/SLEEP.o
                0x0000000000002eb6                CH59x_LowPower
 .text.HAL_SleepInit
                0x0000000000002f3e       0x8a ./HAL/SLEEP.o
                0x0000000000002f3e                HAL_SleepInit
 .text.sensirion_common_bytes_to_uint16_t
                0x0000000000002fc8       0x1a ./HAL/sensirion_common.o
                0x0000000000002fc8                sensirion_common_bytes_to_uint16_t
 .text.GasIndexAlgorithm__init_instances
                0x0000000000002fe2      0x1a4 ./HAL/sensirion_gas_index_algorithm.o
 .text.GasIndexAlgorithm__mean_variance_estimator___sigmoid__process
                0x0000000000003186       0x72 ./HAL/sensirion_gas_index_algorithm.o
 .text.GasIndexAlgorithm_reset
                0x00000000000031f8        0xc ./HAL/sensirion_gas_index_algorithm.o
                0x00000000000031f8                GasIndexAlgorithm_reset
 .text.GasIndexAlgorithm_init_with_sampling_interval
                0x0000000000003204       0x9c ./HAL/sensirion_gas_index_algorithm.o
                0x0000000000003204                GasIndexAlgorithm_init_with_sampling_interval
 .text.GasIndexAlgorithm_init
                0x00000000000032a0        0xa ./HAL/sensirion_gas_index_algorithm.o
                0x00000000000032a0                GasIndexAlgorithm_init
 .text.GasIndexAlgorithm_process
                0x00000000000032aa      0x618 ./HAL/sensirion_gas_index_algorithm.o
                0x00000000000032aa                GasIndexAlgorithm_process
 .text.sensirion_i2c_generate_crc
                0x00000000000038c2       0x48 ./HAL/sensirion_i2c.o
                0x00000000000038c2                sensirion_i2c_generate_crc
 .text.sensirion_i2c_check_crc
                0x000000000000390a       0x18 ./HAL/sensirion_i2c.o
                0x000000000000390a                sensirion_i2c_check_crc
 .text.sensirion_i2c_add_command_to_buffer
                0x0000000000003922       0x24 ./HAL/sensirion_i2c.o
                0x0000000000003922                sensirion_i2c_add_command_to_buffer
 .text.sensirion_i2c_add_command8_to_buffer
                0x0000000000003946       0x10 ./HAL/sensirion_i2c.o
                0x0000000000003946                sensirion_i2c_add_command8_to_buffer
 .text.sensirion_i2c_add_uint16_t_to_buffer
                0x0000000000003956       0x4e ./HAL/sensirion_i2c.o
                0x0000000000003956                sensirion_i2c_add_uint16_t_to_buffer
 .text.sensirion_i2c_write_data
                0x00000000000039a4        0xc ./HAL/sensirion_i2c.o
                0x00000000000039a4                sensirion_i2c_write_data
 .text.sensirion_i2c_read_data_inplace
                0x00000000000039b0       0x8c ./HAL/sensirion_i2c.o
                0x00000000000039b0                sensirion_i2c_read_data_inplace
 .text.sensirion_i2c_hal_init
                0x0000000000003a3c        0x2 ./HAL/sensirion_i2c_hal.o
                0x0000000000003a3c                sensirion_i2c_hal_init
 .text.sensirion_i2c_hal_read
                0x0000000000003a3e       0x1a ./HAL/sensirion_i2c_hal.o
                0x0000000000003a3e                sensirion_i2c_hal_read
 .text.sensirion_i2c_hal_write
                0x0000000000003a58       0x18 ./HAL/sensirion_i2c_hal.o
                0x0000000000003a58                sensirion_i2c_hal_write
 .text.sensirion_i2c_hal_sleep_usec
                0x0000000000003a70        0xc ./HAL/sensirion_i2c_hal.o
                0x0000000000003a70                sensirion_i2c_hal_sleep_usec
 .text.sgp41_execute_conditioning
                0x0000000000003a7c       0x68 ./HAL/sgp41_i2c.o
                0x0000000000003a7c                sgp41_execute_conditioning
 .text.sgp41_measure_raw_signals
                0x0000000000003ae4       0x7a ./HAL/sgp41_i2c.o
                0x0000000000003ae4                sgp41_measure_raw_signals
 .text.sgp41_execute_self_test
                0x0000000000003b5e       0x52 ./HAL/sgp41_i2c.o
                0x0000000000003b5e                sgp41_execute_self_test
 .text.sgp41_get_serial_number
                0x0000000000003bb0       0x64 ./HAL/sgp41_i2c.o
                0x0000000000003bb0                sgp41_get_serial_number
 .text.sht4x_measure_high_precision_ticks
                0x0000000000003c14       0x70 ./HAL/sht4x_i2c.o
                0x0000000000003c14                sht4x_measure_high_precision_ticks
 .text.sht4x_measure_high_precision
                0x0000000000003c84       0x54 ./HAL/sht4x_i2c.o
                0x0000000000003c84                sht4x_measure_high_precision
 .text.i2c_app_init
                0x0000000000003cd8       0x5a ./APP/app_i2c.o
                0x0000000000003cd8                i2c_app_init
 .text.i2c_write_to
                0x0000000000003d32       0xd6 ./APP/app_i2c.o
                0x0000000000003d32                i2c_write_to
 .text.i2c_read_from
                0x0000000000003e08      0x10a ./APP/app_i2c.o
                0x0000000000003e08                i2c_read_from
 .text.Broadcaster_StateNotificationCB
                0x0000000000003f12        0x2 ./APP/broadcaster.o
 .text.read_compensation_values
                0x0000000000003f14       0x8c ./APP/broadcaster.o
                0x0000000000003f14                read_compensation_values
 .text.Broadcaster_ProcessEvent
                0x0000000000003fa0       0x76 ./APP/broadcaster.o
                0x0000000000003fa0                Broadcaster_ProcessEvent
 .text.Broadcaster_Init
                0x0000000000004016       0x90 ./APP/broadcaster.o
                0x0000000000004016                Broadcaster_Init
 .text.startup.main
                0x00000000000040a6       0x3c ./APP/broadcaster_main.o
                0x00000000000040a6                main
 .text.expf     0x00000000000040e2       0x66 e:/mounriver/mounriver_studio/toolchain/risc-v embedded gcc12/bin/../lib/gcc/riscv-none-elf/12.2.0/../../../../riscv-none-elf/lib\libm_nano.a(lib_a-wf_exp.o)
                0x00000000000040e2                expf
 .text.sqrtf    0x0000000000004148       0x48 e:/mounriver/mounriver_studio/toolchain/risc-v embedded gcc12/bin/../lib/gcc/riscv-none-elf/12.2.0/../../../../riscv-none-elf/lib\libm_nano.a(lib_a-wf_sqrt.o)
                0x0000000000004148                sqrtf
 .text.__ieee754_expf
                0x0000000000004190      0x25a e:/mounriver/mounriver_studio/toolchain/risc-v embedded gcc12/bin/../lib/gcc/riscv-none-elf/12.2.0/../../../../riscv-none-elf/lib\libm_nano.a(lib_a-ef_exp.o)
                0x0000000000004190                __ieee754_expf
 .text.__ieee754_sqrtf
                0x00000000000043ea      0x114 e:/mounriver/mounriver_studio/toolchain/risc-v embedded gcc12/bin/../lib/gcc/riscv-none-elf/12.2.0/../../../../riscv-none-elf/lib\libm_nano.a(lib_a-ef_sqrt.o)
                0x00000000000043ea                __ieee754_sqrtf
 .text.with_errnof
                0x00000000000044fe       0x1e e:/mounriver/mounriver_studio/toolchain/risc-v embedded gcc12/bin/../lib/gcc/riscv-none-elf/12.2.0/../../../../riscv-none-elf/lib\libm_nano.a(lib_a-math_errf.o)
 .text.xflowf   0x000000000000451c       0x1e e:/mounriver/mounriver_studio/toolchain/risc-v embedded gcc12/bin/../lib/gcc/riscv-none-elf/12.2.0/../../../../riscv-none-elf/lib\libm_nano.a(lib_a-math_errf.o)
 .text.__math_uflowf
                0x000000000000453a        0xa e:/mounriver/mounriver_studio/toolchain/risc-v embedded gcc12/bin/../lib/gcc/riscv-none-elf/12.2.0/../../../../riscv-none-elf/lib\libm_nano.a(lib_a-math_errf.o)
                0x000000000000453a                __math_uflowf
 .text.__math_oflowf
                0x0000000000004544        0xa e:/mounriver/mounriver_studio/toolchain/risc-v embedded gcc12/bin/../lib/gcc/riscv-none-elf/12.2.0/../../../../riscv-none-elf/lib\libm_nano.a(lib_a-math_errf.o)
                0x0000000000004544                __math_oflowf
 .text.finitef  0x000000000000454e        0xe e:/mounriver/mounriver_studio/toolchain/risc-v embedded gcc12/bin/../lib/gcc/riscv-none-elf/12.2.0/../../../../riscv-none-elf/lib\libm_nano.a(lib_a-sf_finite.o)
                0x000000000000454e                finitef
 .text.tmos_msg_enqueue
                0x000000000000455c       0x1e C:\Users\bitshen\Desktop\SGP41\SGP41-CH59x\LIB\libCH59xBLE.a(message.o)
                0x000000000000455c                tmos_msg_enqueue
 .text.tmos_msg_deallocate
                0x000000000000457a       0x4e C:\Users\bitshen\Desktop\SGP41\SGP41-CH59x\LIB\libCH59xBLE.a(message.o)
                0x000000000000457a                tmos_msg_deallocate
 .text.tmos_msg_allocate
                0x00000000000045c8       0x68 C:\Users\bitshen\Desktop\SGP41\SGP41-CH59x\LIB\libCH59xBLE.a(message.o)
                0x00000000000045c8                tmos_msg_allocate
 .text.tmos_msg_receive
                0x0000000000004630       0x86 C:\Users\bitshen\Desktop\SGP41\SGP41-CH59x\LIB\libCH59xBLE.a(message.o)
                0x0000000000004630                tmos_msg_receive
 .text.tmos_msg_send
                0x00000000000046b6       0x8c C:\Users\bitshen\Desktop\SGP41\SGP41-CH59x\LIB\libCH59xBLE.a(message.o)
                0x00000000000046b6                tmos_msg_send
 .text.tmos_msg_init
                0x0000000000004742        0xa C:\Users\bitshen\Desktop\SGP41\SGP41-CH59x\LIB\libCH59xBLE.a(message.o)
                0x0000000000004742                tmos_msg_init
 .text.tmosFindTask
                0x000000000000474c       0x24 C:\Users\bitshen\Desktop\SGP41\SGP41-CH59x\LIB\libCH59xBLE.a(tmos.o)
 .text.TMOS_CB_PeriodicProcessEvent
                0x0000000000004770       0x86 C:\Users\bitshen\Desktop\SGP41\SGP41-CH59x\LIB\libCH59xBLE.a(tmos.o)
                0x0000000000004770                TMOS_CB_PeriodicProcessEvent
 .text.TMOS_CB_ProcessEvent
                0x00000000000047f6       0x82 C:\Users\bitshen\Desktop\SGP41\SGP41-CH59x\LIB\libCH59xBLE.a(tmos.o)
                0x00000000000047f6                TMOS_CB_ProcessEvent
 .text.tmos_rand
                0x0000000000004878       0x70 C:\Users\bitshen\Desktop\SGP41\SGP41-CH59x\LIB\libCH59xBLE.a(tmos.o)
                0x0000000000004878                tmos_rand
 .text.tmos_start_periodic_callback_task
                0x00000000000048e8      0x11a C:\Users\bitshen\Desktop\SGP41\SGP41-CH59x\LIB\libCH59xBLE.a(tmos.o)
                0x00000000000048e8                tmos_start_periodic_callback_task
 .text.tmos_set_event
                0x0000000000004a02       0x46 C:\Users\bitshen\Desktop\SGP41\SGP41-CH59x\LIB\libCH59xBLE.a(tmos.o)
                0x0000000000004a02                tmos_set_event
 .text.tmos_clear_event
                0x0000000000004a48       0x4a C:\Users\bitshen\Desktop\SGP41\SGP41-CH59x\LIB\libCH59xBLE.a(tmos.o)
                0x0000000000004a48                tmos_clear_event
 .text.tmos_update_callback_timer
                0x0000000000004a92       0xe0 C:\Users\bitshen\Desktop\SGP41\SGP41-CH59x\LIB\libCH59xBLE.a(tmos.o)
                0x0000000000004a92                tmos_update_callback_timer
 .text.tmos_start_task
                0x0000000000004b72      0x160 C:\Users\bitshen\Desktop\SGP41\SGP41-CH59x\LIB\libCH59xBLE.a(tmos.o)
                0x0000000000004b72                tmos_start_task
 .text.tmos_start_callback_task
                0x0000000000004cd2       0xc2 C:\Users\bitshen\Desktop\SGP41\SGP41-CH59x\LIB\libCH59xBLE.a(tmos.o)
                0x0000000000004cd2                tmos_start_callback_task
 .text.tmos_start_reload_task
                0x0000000000004d94       0x72 C:\Users\bitshen\Desktop\SGP41\SGP41-CH59x\LIB\libCH59xBLE.a(tmos.o)
                0x0000000000004d94                tmos_start_reload_task
 .text.tmos_stop_task
                0x0000000000004e06       0x6e C:\Users\bitshen\Desktop\SGP41\SGP41-CH59x\LIB\libCH59xBLE.a(tmos.o)
                0x0000000000004e06                tmos_stop_task
 .text.tmos_stop_callback_task
                0x0000000000004e74       0x7c C:\Users\bitshen\Desktop\SGP41\SGP41-CH59x\LIB\libCH59xBLE.a(tmos.o)
                0x0000000000004e74                tmos_stop_callback_task
 .text.tmos_get_task_timer
                0x0000000000004ef0       0x7e C:\Users\bitshen\Desktop\SGP41\SGP41-CH59x\LIB\libCH59xBLE.a(tmos.o)
                0x0000000000004ef0                tmos_get_task_timer
 .text.tmos_proces_idle
                0x0000000000004f6e      0x124 C:\Users\bitshen\Desktop\SGP41\SGP41-CH59x\LIB\libCH59xBLE.a(tmos.o)
                0x0000000000004f6e                tmos_proces_idle
 .text.TMOS_TimerRegister
                0x0000000000005092       0x1e C:\Users\bitshen\Desktop\SGP41\SGP41-CH59x\LIB\libCH59xBLE.a(tmos.o)
                0x0000000000005092                TMOS_TimerRegister
 .text.TMOS_ProcessRegister
                0x00000000000050b0       0x16 C:\Users\bitshen\Desktop\SGP41\SGP41-CH59x\LIB\libCH59xBLE.a(tmos.o)
                0x00000000000050b0                TMOS_ProcessRegister
 .text.TMOS_SysRegister
                0x00000000000050c6       0x16 C:\Users\bitshen\Desktop\SGP41\SGP41-CH59x\LIB\libCH59xBLE.a(tmos.o)
                0x00000000000050c6                TMOS_SysRegister
 .text.TMOS_Init
                0x00000000000050dc      0x13e C:\Users\bitshen\Desktop\SGP41\SGP41-CH59x\LIB\libCH59xBLE.a(tmos.o)
                0x00000000000050dc                TMOS_Init
 .text.TMOS_ProcessEventRegister
                0x000000000000521a       0x3c C:\Users\bitshen\Desktop\SGP41\SGP41-CH59x\LIB\libCH59xBLE.a(tmos.o)
                0x000000000000521a                TMOS_ProcessEventRegister
 .text.BLE_LibInit
                0x0000000000005256      0x14e C:\Users\bitshen\Desktop\SGP41\SGP41-CH59x\LIB\libCH59xBLE.a(tmos.o)
                0x0000000000005256                BLE_LibInit
 .text.clockGetTickValve
                0x00000000000053a4       0x7e C:\Users\bitshen\Desktop\SGP41\SGP41-CH59x\LIB\libCH59xBLE.a(tmos_hw.o)
 .text.ll_get_sca_own
                0x0000000000005422       0x46 C:\Users\bitshen\Desktop\SGP41\SGP41-CH59x\LIB\libCH59xBLE.a(tmos_hw.o)
                0x0000000000005422                ll_get_sca_own
 .text.ble_ll_common_rand8
                0x0000000000005468       0x24 C:\Users\bitshen\Desktop\SGP41\SGP41-CH59x\LIB\libCH59xBLE.a(tmos_hw.o)
                0x0000000000005468                ble_ll_common_rand8
 .text.ble_ll_common_rand16
                0x000000000000548c       0x24 C:\Users\bitshen\Desktop\SGP41\SGP41-CH59x\LIB\libCH59xBLE.a(tmos_hw.o)
                0x000000000000548c                ble_ll_common_rand16
 .text.ble_ll_common_rand32
                0x00000000000054b0       0x20 C:\Users\bitshen\Desktop\SGP41\SGP41-CH59x\LIB\libCH59xBLE.a(tmos_hw.o)
                0x00000000000054b0                ble_ll_common_rand32
 .text.TMOS_TempSample
                0x00000000000054d0       0x62 C:\Users\bitshen\Desktop\SGP41\SGP41-CH59x\LIB\libCH59xBLE.a(tmos_hw.o)
                0x00000000000054d0                TMOS_TempSample
 .text.TMOS_TimerInit
                0x0000000000005532       0xee C:\Users\bitshen\Desktop\SGP41\SGP41-CH59x\LIB\libCH59xBLE.a(tmos_hw.o)
                0x0000000000005532                TMOS_TimerInit
 .text.tmos_snv_init
                0x0000000000005620       0xc0 C:\Users\bitshen\Desktop\SGP41\SGP41-CH59x\LIB\libCH59xBLE.a(tmos_snv.o)
                0x0000000000005620                tmos_snv_init
 .text.tmos_snv_read
                0x00000000000056e0      0x294 C:\Users\bitshen\Desktop\SGP41\SGP41-CH59x\LIB\libCH59xBLE.a(tmos_snv.o)
                0x00000000000056e0                tmos_snv_read
 .text.tmos_snv_notify
                0x0000000000005974       0x5a C:\Users\bitshen\Desktop\SGP41\SGP41-CH59x\LIB\libCH59xBLE.a(tmos_snv.o)
                0x0000000000005974                tmos_snv_notify
 .text.tmos_snv_write
                0x00000000000059ce      0x2d2 C:\Users\bitshen\Desktop\SGP41\SGP41-CH59x\LIB\libCH59xBLE.a(tmos_snv.o)
                0x00000000000059ce                tmos_snv_write
 .text.tmos_snv_compact
                0x0000000000005ca0        0x4 C:\Users\bitshen\Desktop\SGP41\SGP41-CH59x\LIB\libCH59xBLE.a(tmos_snv.o)
                0x0000000000005ca0                tmos_snv_compact
 .text.disconnectNext
                0x0000000000005ca4       0x22 C:\Users\bitshen\Desktop\SGP41\SGP41-CH59x\LIB\libCH59xBLE.a(gap.o)
 .text.GAP_ParamInit
                0x0000000000005cc6      0x164 C:\Users\bitshen\Desktop\SGP41\SGP41-CH59x\LIB\libCH59xBLE.a(gap.o)
                0x0000000000005cc6                GAP_ParamInit
 .text.sendTerminateEvent
                0x0000000000005e2a       0x58 C:\Users\bitshen\Desktop\SGP41\SGP41-CH59x\LIB\libCH59xBLE.a(gap.o)
                0x0000000000005e2a                sendTerminateEvent
 .text.gapRegisterCentral
                0x0000000000005e82        0x6 C:\Users\bitshen\Desktop\SGP41\SGP41-CH59x\LIB\libCH59xBLE.a(gap.o)
                0x0000000000005e82                gapRegisterCentral
 .text.gapRegisterCentralConn
                0x0000000000005e88        0x6 C:\Users\bitshen\Desktop\SGP41\SGP41-CH59x\LIB\libCH59xBLE.a(gap.o)
                0x0000000000005e88                gapRegisterCentralConn
 .text.gapRegisterPeripheral
                0x0000000000005e8e        0x6 C:\Users\bitshen\Desktop\SGP41\SGP41-CH59x\LIB\libCH59xBLE.a(gap.o)
                0x0000000000005e8e                gapRegisterPeripheral
 .text.gapRegisterPeripheralConn
                0x0000000000005e94        0x6 C:\Users\bitshen\Desktop\SGP41\SGP41-CH59x\LIB\libCH59xBLE.a(gap.o)
                0x0000000000005e94                gapRegisterPeripheralConn
 .text.smGenerateRandBuf
                0x0000000000005e9a       0x56 C:\Users\bitshen\Desktop\SGP41\SGP41-CH59x\LIB\libCH59xBLE.a(gap.o)
                0x0000000000005e9a                smGenerateRandBuf
 .text.gapL2capConnParamUpdateReq
                0x0000000000005ef0       0x36 C:\Users\bitshen\Desktop\SGP41\SGP41-CH59x\LIB\libCH59xBLE.a(gap.o)
                0x0000000000005ef0                gapL2capConnParamUpdateReq
 .text.gapValidADType
                0x0000000000005f26       0x16 C:\Users\bitshen\Desktop\SGP41\SGP41-CH59x\LIB\libCH59xBLE.a(gap.o)
                0x0000000000005f26                gapValidADType
 .text.gapFindADType
                0x0000000000005f3c       0x92 C:\Users\bitshen\Desktop\SGP41\SGP41-CH59x\LIB\libCH59xBLE.a(gap.o)
                0x0000000000005f3c                gapFindADType
 .text.GAP_SecParamsInit
                0x0000000000005fce       0xaa C:\Users\bitshen\Desktop\SGP41\SGP41-CH59x\LIB\libCH59xBLE.a(gap.o)
                0x0000000000005fce                GAP_SecParamsInit
 .text.GAP_ParamsInit
                0x0000000000006078       0x50 C:\Users\bitshen\Desktop\SGP41\SGP41-CH59x\LIB\libCH59xBLE.a(gap.o)
                0x0000000000006078                GAP_ParamsInit
 .text.gapAddAddrAdj
                0x00000000000060c8       0x48 C:\Users\bitshen\Desktop\SGP41\SGP41-CH59x\LIB\libCH59xBLE.a(gap.o)
                0x00000000000060c8                gapAddAddrAdj
 .text.gapDetermineAddrType
                0x0000000000006110       0x28 C:\Users\bitshen\Desktop\SGP41\SGP41-CH59x\LIB\libCH59xBLE.a(gap.o)
                0x0000000000006110                gapDetermineAddrType
 .text.gapFreeAuthLink
                0x0000000000006138       0x4a C:\Users\bitshen\Desktop\SGP41\SGP41-CH59x\LIB\libCH59xBLE.a(gap.o)
                0x0000000000006138                gapFreeAuthLink
 .text.gapGetDevAddress
                0x0000000000006182       0x24 C:\Users\bitshen\Desktop\SGP41\SGP41-CH59x\LIB\libCH59xBLE.a(gap.o)
                0x0000000000006182                gapGetDevAddress
 .text.gapGetDevAddressMode
                0x00000000000061a6        0xa C:\Users\bitshen\Desktop\SGP41\SGP41-CH59x\LIB\libCH59xBLE.a(gap.o)
                0x00000000000061a6                gapGetDevAddressMode
 .text.gapGetIRK
                0x00000000000061b0        0xc C:\Users\bitshen\Desktop\SGP41\SGP41-CH59x\LIB\libCH59xBLE.a(gap.o)
                0x00000000000061b0                gapGetIRK
 .text.gapGetSRK
                0x00000000000061bc        0xc C:\Users\bitshen\Desktop\SGP41\SGP41-CH59x\LIB\libCH59xBLE.a(gap.o)
                0x00000000000061bc                gapGetSRK
 .text.gapGetSignCounter
                0x00000000000061c8        0xe C:\Users\bitshen\Desktop\SGP41\SGP41-CH59x\LIB\libCH59xBLE.a(gap.o)
                0x00000000000061c8                gapGetSignCounter
 .text.gapIncSignCounter
                0x00000000000061d6       0x28 C:\Users\bitshen\Desktop\SGP41\SGP41-CH59x\LIB\libCH59xBLE.a(gap.o)
                0x00000000000061d6                gapIncSignCounter
 .text.gapProcessConnEvt
                0x00000000000061fe       0x48 C:\Users\bitshen\Desktop\SGP41\SGP41-CH59x\LIB\libCH59xBLE.a(gap.o)
                0x00000000000061fe                gapProcessConnEvt
 .text.gapProcessDisconnectCompleteEvt
                0x0000000000006246       0xa8 C:\Users\bitshen\Desktop\SGP41\SGP41-CH59x\LIB\libCH59xBLE.a(gap.o)
                0x0000000000006246                gapProcessDisconnectCompleteEvt
 .text.sendAuthEvent
                0x00000000000062ee      0x120 C:\Users\bitshen\Desktop\SGP41\SGP41-CH59x\LIB\libCH59xBLE.a(gap.o)
                0x00000000000062ee                sendAuthEvent
 .text.gapSendBondCompleteEvent
                0x000000000000640e       0x74 C:\Users\bitshen\Desktop\SGP41\SGP41-CH59x\LIB\libCH59xBLE.a(gap.o)
                0x000000000000640e                gapSendBondCompleteEvent
 .text.gapSendPairingReqEvent
                0x0000000000006482       0x96 C:\Users\bitshen\Desktop\SGP41\SGP41-CH59x\LIB\libCH59xBLE.a(gap.o)
                0x0000000000006482                gapSendPairingReqEvent
 .text.gapSendSlaveSecurityReqEvent
                0x0000000000006518       0x68 C:\Users\bitshen\Desktop\SGP41\SGP41-CH59x\LIB\libCH59xBLE.a(gap.o)
                0x0000000000006518                gapSendSlaveSecurityReqEvent
 .text.gapSendDeviceInitDoneEvent
                0x0000000000006580       0x88 C:\Users\bitshen\Desktop\SGP41\SGP41-CH59x\LIB\libCH59xBLE.a(gap.o)
                0x0000000000006580                gapSendDeviceInitDoneEvent
 .text.gapSendLinkUpdateEvent
                0x0000000000006608       0xb2 C:\Users\bitshen\Desktop\SGP41\SGP41-CH59x\LIB\libCH59xBLE.a(gap.o)
                0x0000000000006608                gapSendLinkUpdateEvent
 .text.gapSendPhyUpdateEvent
                0x00000000000066ba       0x58 C:\Users\bitshen\Desktop\SGP41\SGP41-CH59x\LIB\libCH59xBLE.a(gap.o)
                0x00000000000066ba                gapSendPhyUpdateEvent
 .text.gapSendEstLinkEvent
                0x0000000000006712       0xbc C:\Users\bitshen\Desktop\SGP41\SGP41-CH59x\LIB\libCH59xBLE.a(gap.o)
                0x0000000000006712                gapSendEstLinkEvent
 .text.gapProcessNewAddr
                0x00000000000067ce       0x3e C:\Users\bitshen\Desktop\SGP41\SGP41-CH59x\LIB\libCH59xBLE.a(gap.o)
                0x00000000000067ce                gapProcessNewAddr
 .text.gapProcessRandomAddrComplete
                0x000000000000680c       0xb6 C:\Users\bitshen\Desktop\SGP41\SGP41-CH59x\LIB\libCH59xBLE.a(gap.o)
                0x000000000000680c                gapProcessRandomAddrComplete
 .text.GAP_Authenticate
                0x00000000000068c2       0xde C:\Users\bitshen\Desktop\SGP41\SGP41-CH59x\LIB\libCH59xBLE.a(gap.o)
                0x00000000000068c2                GAP_Authenticate
 .text.GAP_Bond
                0x00000000000069a0       0xaa C:\Users\bitshen\Desktop\SGP41\SGP41-CH59x\LIB\libCH59xBLE.a(gap.o)
                0x00000000000069a0                GAP_Bond
 .text.GAP_GetParamValue
                0x0000000000006a4a       0x20 C:\Users\bitshen\Desktop\SGP41\SGP41-CH59x\LIB\libCH59xBLE.a(gap.o)
                0x0000000000006a4a                GAP_GetParamValue
 .text.GAP_PasscodeUpdate
                0x0000000000006a6a       0x54 C:\Users\bitshen\Desktop\SGP41\SGP41-CH59x\LIB\libCH59xBLE.a(gap.o)
                0x0000000000006a6a                GAP_PasscodeUpdate
 .text.GAP_RegisterForMsgs
                0x0000000000006abe        0xa C:\Users\bitshen\Desktop\SGP41\SGP41-CH59x\LIB\libCH59xBLE.a(gap.o)
                0x0000000000006abe                GAP_RegisterForMsgs
 .text.GAP_ResolvePrivateAddr
                0x0000000000006ac8        0x4 C:\Users\bitshen\Desktop\SGP41\SGP41-CH59x\LIB\libCH59xBLE.a(gap.o)
                0x0000000000006ac8                GAP_ResolvePrivateAddr
 .text.gapPairingCompleteCB
                0x0000000000006acc      0x18c C:\Users\bitshen\Desktop\SGP41\SGP41-CH59x\LIB\libCH59xBLE.a(gap.o)
                0x0000000000006acc                gapPairingCompleteCB
 .text.gapPasskeyNeededCB
                0x0000000000006c58       0x8e C:\Users\bitshen\Desktop\SGP41\SGP41-CH59x\LIB\libCH59xBLE.a(gap.o)
                0x0000000000006c58                gapPasskeyNeededCB
 .text.gapOobNeededCB
                0x0000000000006ce6       0xa6 C:\Users\bitshen\Desktop\SGP41\SGP41-CH59x\LIB\libCH59xBLE.a(gap.o)
                0x0000000000006ce6                gapOobNeededCB
 .text.gapFreeEstLink
                0x0000000000006d8c       0x20 C:\Users\bitshen\Desktop\SGP41\SGP41-CH59x\LIB\libCH59xBLE.a(gap.o)
                0x0000000000006d8c                gapFreeEstLink
 .text.gapUpdateConnSignCounter
                0x0000000000006dac       0x7a C:\Users\bitshen\Desktop\SGP41\SGP41-CH59x\LIB\libCH59xBLE.a(gap.o)
                0x0000000000006dac                gapUpdateConnSignCounter
 .text.GAP_TerminateAuth
                0x0000000000006e26       0x2a C:\Users\bitshen\Desktop\SGP41\SGP41-CH59x\LIB\libCH59xBLE.a(gap.o)
                0x0000000000006e26                GAP_TerminateAuth
 .text.GAP_NumActiveConnections
                0x0000000000006e50        0x4 C:\Users\bitshen\Desktop\SGP41\SGP41-CH59x\LIB\libCH59xBLE.a(gap.o)
                0x0000000000006e50                GAP_NumActiveConnections
 .text.GAP_TerminateLinkReq
                0x0000000000006e54       0x8e C:\Users\bitshen\Desktop\SGP41\SGP41-CH59x\LIB\libCH59xBLE.a(gap.o)
                0x0000000000006e54                GAP_TerminateLinkReq
 .text.GAP_SetParamValue
                0x0000000000006ee2       0x6c C:\Users\bitshen\Desktop\SGP41\SGP41-CH59x\LIB\libCH59xBLE.a(gap.o)
                0x0000000000006ee2                GAP_SetParamValue
 .text.GAP_Init
                0x0000000000006f4e       0x48 C:\Users\bitshen\Desktop\SGP41\SGP41-CH59x\LIB\libCH59xBLE.a(gap.o)
                0x0000000000006f4e                GAP_Init
 .text.GAP_ProcessEvent
                0x0000000000006f96      0x66a C:\Users\bitshen\Desktop\SGP41\SGP41-CH59x\LIB\libCH59xBLE.a(gap.o)
                0x0000000000006f96                GAP_ProcessEvent
 .text.gapSendScanEnable
                0x0000000000007600       0x3a C:\Users\bitshen\Desktop\SGP41\SGP41-CH59x\LIB\libCH59xBLE.a(gap_central.o)
 .text.gapCentProcessConnEvt
                0x000000000000763a      0x168 C:\Users\bitshen\Desktop\SGP41\SGP41-CH59x\LIB\libCH59xBLE.a(gap_central.o)
                0x000000000000763a                gapCentProcessConnEvt
 .text.gapProcessScanningPeriodicAdvEvt
                0x00000000000077a2       0xa0 C:\Users\bitshen\Desktop\SGP41\SGP41-CH59x\LIB\libCH59xBLE.a(gap_central.o)
                0x00000000000077a2                gapProcessScanningPeriodicAdvEvt
 .text.gapCancelLinkReq
                0x0000000000007842       0x38 C:\Users\bitshen\Desktop\SGP41\SGP41-CH59x\LIB\libCH59xBLE.a(gap_central.o)
                0x0000000000007842                gapCancelLinkReq
 .text.gapProcessAdvertDevInfo
                0x000000000000787a      0x242 C:\Users\bitshen\Desktop\SGP41\SGP41-CH59x\LIB\libCH59xBLE.a(gap_central.o)
                0x000000000000787a                gapProcessAdvertDevInfo
 .text.gapProcessExtAdvertDevInfo
                0x0000000000007abc      0x260 C:\Users\bitshen\Desktop\SGP41\SGP41-CH59x\LIB\libCH59xBLE.a(gap_central.o)
                0x0000000000007abc                gapProcessExtAdvertDevInfo
 .text.gapProcessPeriodicAdvertisingSyncEstablishedEvt
                0x0000000000007d1c       0xae C:\Users\bitshen\Desktop\SGP41\SGP41-CH59x\LIB\libCH59xBLE.a(gap_central.o)
                0x0000000000007d1c                gapProcessPeriodicAdvertisingSyncEstablishedEvt
 .text.gapProcessPeriodicAdvertisingSyncLostEvt
                0x0000000000007dca       0x56 C:\Users\bitshen\Desktop\SGP41\SGP41-CH59x\LIB\libCH59xBLE.a(gap_central.o)
                0x0000000000007dca                gapProcessPeriodicAdvertisingSyncLostEvt
 .text.gapFreeScanRecs
                0x0000000000007e20       0xa6 C:\Users\bitshen\Desktop\SGP41\SGP41-CH59x\LIB\libCH59xBLE.a(gap_central.o)
                0x0000000000007e20                gapFreeScanRecs
 .text.gapSendDevDiscEvent
                0x0000000000007ec6      0x126 C:\Users\bitshen\Desktop\SGP41\SGP41-CH59x\LIB\libCH59xBLE.a(gap_central.o)
                0x0000000000007ec6                gapSendDevDiscEvent
 .text.gapSetScanParamStatus
                0x0000000000007fec       0x58 C:\Users\bitshen\Desktop\SGP41\SGP41-CH59x\LIB\libCH59xBLE.a(gap_central.o)
 .text.gapCentProcessHCICmdEvt
                0x0000000000008044       0x3e C:\Users\bitshen\Desktop\SGP41\SGP41-CH59x\LIB\libCH59xBLE.a(gap_central.o)
                0x0000000000008044                gapCentProcessHCICmdEvt
 .text.gapProcessScanningEvt
                0x0000000000008082      0x110 C:\Users\bitshen\Desktop\SGP41\SGP41-CH59x\LIB\libCH59xBLE.a(gap_central.o)
                0x0000000000008082                gapProcessScanningEvt
 .text.gapProcessScanningDirectEvt
                0x0000000000008192       0xfe C:\Users\bitshen\Desktop\SGP41\SGP41-CH59x\LIB\libCH59xBLE.a(gap_central.o)
                0x0000000000008192                gapProcessScanningDirectEvt
 .text.gapProcessScanningExtAdvEvt
                0x0000000000008290      0x2c4 C:\Users\bitshen\Desktop\SGP41\SGP41-CH59x\LIB\libCH59xBLE.a(gap_central.o)
                0x0000000000008290                gapProcessScanningExtAdvEvt
 .text.GAP_CentConnRegister
                0x0000000000008554       0x1a C:\Users\bitshen\Desktop\SGP41\SGP41-CH59x\LIB\libCH59xBLE.a(gap_central.o)
                0x0000000000008554                GAP_CentConnRegister
 .text.GAP_CentralParamInit
                0x000000000000856e       0x6e C:\Users\bitshen\Desktop\SGP41\SGP41-CH59x\LIB\libCH59xBLE.a(gap_central.o)
                0x000000000000856e                GAP_CentralParamInit
 .text.GAP_CentDevMgrInit
                0x00000000000085dc       0x9c C:\Users\bitshen\Desktop\SGP41\SGP41-CH59x\LIB\libCH59xBLE.a(gap_central.o)
                0x00000000000085dc                GAP_CentDevMgrInit
 .text.gapFreeAdvertState
                0x0000000000008678       0x20 C:\Users\bitshen\Desktop\SGP41\SGP41-CH59x\LIB\libCH59xBLE.a(gap_peripheral.o)
 .text.gapSetPeriodicAdvParams
                0x0000000000008698       0x30 C:\Users\bitshen\Desktop\SGP41\SGP41-CH59x\LIB\libCH59xBLE.a(gap_peripheral.o)
 .text.gapSetConnectionlessCTEParams
                0x00000000000086c8       0x54 C:\Users\bitshen\Desktop\SGP41\SGP41-CH59x\LIB\libCH59xBLE.a(gap_peripheral.o)
 .text.gapSetAdvParams
                0x000000000000871c       0xfc C:\Users\bitshen\Desktop\SGP41\SGP41-CH59x\LIB\libCH59xBLE.a(gap_peripheral.o)
 .text.gapPeriProcessConnEvt
                0x0000000000008818       0xd0 C:\Users\bitshen\Desktop\SGP41\SGP41-CH59x\LIB\libCH59xBLE.a(gap_peripheral.o)
 .text.gapWriteAdvDataStatus
                0x00000000000088e8       0x8a C:\Users\bitshen\Desktop\SGP41\SGP41-CH59x\LIB\libCH59xBLE.a(gap_peripheral.o)
 .text.GAP_MakeDiscoverable
                0x0000000000008972      0x174 C:\Users\bitshen\Desktop\SGP41\SGP41-CH59x\LIB\libCH59xBLE.a(gap_peripheral.o)
                0x0000000000008972                GAP_MakeDiscoverable
 .text.GAP_EndDiscoverable
                0x0000000000008ae6       0x66 C:\Users\bitshen\Desktop\SGP41\SGP41-CH59x\LIB\libCH59xBLE.a(gap_peripheral.o)
                0x0000000000008ae6                GAP_EndDiscoverable
 .text.gapProcessAdvertisingEvt
                0x0000000000008b4c      0x118 C:\Users\bitshen\Desktop\SGP41\SGP41-CH59x\LIB\libCH59xBLE.a(gap_peripheral.o)
 .text.GAP_MakePeriodic
                0x0000000000008c64       0x26 C:\Users\bitshen\Desktop\SGP41\SGP41-CH59x\LIB\libCH59xBLE.a(gap_peripheral.o)
                0x0000000000008c64                GAP_MakePeriodic
 .text.GAP_EndPeriodic
                0x0000000000008c8a        0xc C:\Users\bitshen\Desktop\SGP41\SGP41-CH59x\LIB\libCH59xBLE.a(gap_peripheral.o)
                0x0000000000008c8a                GAP_EndPeriodic
 .text.GAP_MakeConnecttionlessCTE
                0x0000000000008c96       0x1a C:\Users\bitshen\Desktop\SGP41\SGP41-CH59x\LIB\libCH59xBLE.a(gap_peripheral.o)
                0x0000000000008c96                GAP_MakeConnecttionlessCTE
 .text.GAP_EndConnecttionlessCTE
                0x0000000000008cb0        0xc C:\Users\bitshen\Desktop\SGP41\SGP41-CH59x\LIB\libCH59xBLE.a(gap_peripheral.o)
                0x0000000000008cb0                GAP_EndConnecttionlessCTE
 .text.GAP_UpdateAdvertisingData
                0x0000000000008cbc      0x136 C:\Users\bitshen\Desktop\SGP41\SGP41-CH59x\LIB\libCH59xBLE.a(gap_peripheral.o)
                0x0000000000008cbc                GAP_UpdateAdvertisingData
 .text.GAP_SetAdvertisingAdvData
                0x0000000000008df2      0x102 C:\Users\bitshen\Desktop\SGP41\SGP41-CH59x\LIB\libCH59xBLE.a(gap_peripheral.o)
                0x0000000000008df2                GAP_SetAdvertisingAdvData
 .text.GAP_SetAdvertisingRspData
                0x0000000000008ef4      0x102 C:\Users\bitshen\Desktop\SGP41\SGP41-CH59x\LIB\libCH59xBLE.a(gap_peripheral.o)
                0x0000000000008ef4                GAP_SetAdvertisingRspData
 .text.GAP_SetPeriodicAdvertisingData
                0x0000000000008ff6       0xc6 C:\Users\bitshen\Desktop\SGP41\SGP41-CH59x\LIB\libCH59xBLE.a(gap_peripheral.o)
                0x0000000000008ff6                GAP_SetPeriodicAdvertisingData
 .text.GAP_GetAdvertisingAdvData
                0x00000000000090bc       0x26 C:\Users\bitshen\Desktop\SGP41\SGP41-CH59x\LIB\libCH59xBLE.a(gap_peripheral.o)
                0x00000000000090bc                GAP_GetAdvertisingAdvData
 .text.GAP_GetAdvertisingRspData
                0x00000000000090e2       0x34 C:\Users\bitshen\Desktop\SGP41\SGP41-CH59x\LIB\libCH59xBLE.a(gap_peripheral.o)
                0x00000000000090e2                GAP_GetAdvertisingRspData
 .text.GAP_GetPeriodicAdvertisingData
                0x0000000000009116       0x34 C:\Users\bitshen\Desktop\SGP41\SGP41-CH59x\LIB\libCH59xBLE.a(gap_peripheral.o)
                0x0000000000009116                GAP_GetPeriodicAdvertisingData
 .text.GAP_PeriConnRegister
                0x000000000000914a       0x2e C:\Users\bitshen\Desktop\SGP41\SGP41-CH59x\LIB\libCH59xBLE.a(gap_peripheral.o)
                0x000000000000914a                GAP_PeriConnRegister
 .text.GAP_PeripheralParamInit
                0x0000000000009178       0x6c C:\Users\bitshen\Desktop\SGP41\SGP41-CH59x\LIB\libCH59xBLE.a(gap_peripheral.o)
                0x0000000000009178                GAP_PeripheralParamInit
 .text.gapSendMakeDiscEvent
                0x00000000000091e4       0x50 C:\Users\bitshen\Desktop\SGP41\SGP41-CH59x\LIB\libCH59xBLE.a(gap_peripheral.o)
                0x00000000000091e4                gapSendMakeDiscEvent
 .text.gapWriteAdvEnableStatus
                0x0000000000009234      0x110 C:\Users\bitshen\Desktop\SGP41\SGP41-CH59x\LIB\libCH59xBLE.a(gap_peripheral.o)
 .text.gapSendMakePeriodicEvent
                0x0000000000009344       0x3a C:\Users\bitshen\Desktop\SGP41\SGP41-CH59x\LIB\libCH59xBLE.a(gap_peripheral.o)
                0x0000000000009344                gapSendMakePeriodicEvent
 .text.gapSendMakeConnectionlessCTEEvent
                0x000000000000937e       0x3a C:\Users\bitshen\Desktop\SGP41\SGP41-CH59x\LIB\libCH59xBLE.a(gap_peripheral.o)
                0x000000000000937e                gapSendMakeConnectionlessCTEEvent
 .text.gapPeriProcessHCICmdCompleteEvt
                0x00000000000093b8      0x22e C:\Users\bitshen\Desktop\SGP41\SGP41-CH59x\LIB\libCH59xBLE.a(gap_peripheral.o)
 .text.GAP_PeriDevMgrInit
                0x00000000000095e6       0x2e C:\Users\bitshen\Desktop\SGP41\SGP41-CH59x\LIB\libCH59xBLE.a(gap_peripheral.o)
                0x00000000000095e6                GAP_PeriDevMgrInit
 .text.gattProcessExchangeMTUReq
                0x0000000000009614        0x4 C:\Users\bitshen\Desktop\SGP41\SGP41-CH59x\LIB\libCH59xBLE.a(gattservapp.o)
 .text.gattServApp_FindCharCfgItem
                0x0000000000009618       0x24 C:\Users\bitshen\Desktop\SGP41\SGP41-CH59x\LIB\libCH59xBLE.a(gattservapp.o)
 .text.gattServerHandleTimerCB
                0x000000000000963c       0x3c C:\Users\bitshen\Desktop\SGP41\SGP41-CH59x\LIB\libCH59xBLE.a(gattservapp.o)
 .text.GATTServApp_InitCharCfg.part.12
                0x0000000000009678       0x20 C:\Users\bitshen\Desktop\SGP41\SGP41-CH59x\LIB\libCH59xBLE.a(gattservapp.o)
 .text.gattProcessExecuteWriteReq
                0x0000000000009698        0x4 C:\Users\bitshen\Desktop\SGP41\SGP41-CH59x\LIB\libCH59xBLE.a(gattservapp.o)
 .text.GATTServApp_ParamInit
                0x000000000000969c       0xd6 C:\Users\bitshen\Desktop\SGP41\SGP41-CH59x\LIB\libCH59xBLE.a(gattservapp.o)
                0x000000000000969c                GATTServApp_ParamInit
 .text.GATTServApp_ReadCharCfg
                0x0000000000009772       0x18 C:\Users\bitshen\Desktop\SGP41\SGP41-CH59x\LIB\libCH59xBLE.a(gattservapp.o)
                0x0000000000009772                GATTServApp_ReadCharCfg
 .text.GATTServApp_WriteCharCfg
                0x000000000000978a       0x3c C:\Users\bitshen\Desktop\SGP41\SGP41-CH59x\LIB\libCH59xBLE.a(gattservapp.o)
                0x000000000000978a                GATTServApp_WriteCharCfg
 .text.GATTServApp_ProcessCCCWriteReq
                0x00000000000097c6       0x60 C:\Users\bitshen\Desktop\SGP41\SGP41-CH59x\LIB\libCH59xBLE.a(gattservapp.o)
                0x00000000000097c6                GATTServApp_ProcessCCCWriteReq
 .text.gattServApp_WriteAttrCB
                0x0000000000009826       0x34 C:\Users\bitshen\Desktop\SGP41\SGP41-CH59x\LIB\libCH59xBLE.a(gattservapp.o)
                0x0000000000009826                gattServApp_WriteAttrCB
 .text.GATTServApp_SendCCCUpdatedEvent
                0x000000000000985a       0x5e C:\Users\bitshen\Desktop\SGP41\SGP41-CH59x\LIB\libCH59xBLE.a(gattservapp.o)
                0x000000000000985a                GATTServApp_SendCCCUpdatedEvent
 .text.GATTServApp_SendServiceChangedInd
                0x00000000000098b8       0x36 C:\Users\bitshen\Desktop\SGP41\SGP41-CH59x\LIB\libCH59xBLE.a(gattservapp.o)
                0x00000000000098b8                GATTServApp_SendServiceChangedInd
 .text.gattServApp_ClearPrepareWriteQ
                0x00000000000098ee       0x50 C:\Users\bitshen\Desktop\SGP41\SGP41-CH59x\LIB\libCH59xBLE.a(gattservapp.o)
                0x00000000000098ee                gattServApp_ClearPrepareWriteQ
 .text.gattServApp_FindPrepareWriteQ
                0x000000000000993e       0x30 C:\Users\bitshen\Desktop\SGP41\SGP41-CH59x\LIB\libCH59xBLE.a(gattservapp.o)
                0x000000000000993e                gattServApp_FindPrepareWriteQ
 .text.gattServApp_FindServiceCBs
                0x000000000000996e       0x18 C:\Users\bitshen\Desktop\SGP41\SGP41-CH59x\LIB\libCH59xBLE.a(gattservapp.o)
                0x000000000000996e                gattServApp_FindServiceCBs
 .text.gattServApp_FindAuthorizeAttrCB
                0x0000000000009986       0x16 C:\Users\bitshen\Desktop\SGP41\SGP41-CH59x\LIB\libCH59xBLE.a(gattservapp.o)
                0x0000000000009986                gattServApp_FindAuthorizeAttrCB
 .text.gattServApp_IsWriteLong
                0x000000000000999c       0xea C:\Users\bitshen\Desktop\SGP41\SGP41-CH59x\LIB\libCH59xBLE.a(gattservapp.o)
                0x000000000000999c                gattServApp_IsWriteLong
 .text.gattFindService
                0x0000000000009a86       0x1c C:\Users\bitshen\Desktop\SGP41\SGP41-CH59x\LIB\libCH59xBLE.a(gattservapp.o)
                0x0000000000009a86                gattFindService
 .text.GATT_ServiceNumAttrs
                0x0000000000009aa2       0x18 C:\Users\bitshen\Desktop\SGP41\SGP41-CH59x\LIB\libCH59xBLE.a(gattservapp.o)
                0x0000000000009aa2                GATT_ServiceNumAttrs
 .text.GATT_ServiceEncKeySize
                0x0000000000009aba       0x18 C:\Users\bitshen\Desktop\SGP41\SGP41-CH59x\LIB\libCH59xBLE.a(gattservapp.o)
                0x0000000000009aba                GATT_ServiceEncKeySize
 .text.GATT_VerifyWritePermissions.part.7
                0x0000000000009ad2       0x2e C:\Users\bitshen\Desktop\SGP41\SGP41-CH59x\LIB\libCH59xBLE.a(gattservapp.o)
 .text.gattResetServerInfo
                0x0000000000009b00       0x1c C:\Users\bitshen\Desktop\SGP41\SGP41-CH59x\LIB\libCH59xBLE.a(gattservapp.o)
                0x0000000000009b00                gattResetServerInfo
 .text.gattFindServerInfo
                0x0000000000009b1c       0x2c C:\Users\bitshen\Desktop\SGP41\SGP41-CH59x\LIB\libCH59xBLE.a(gattservapp.o)
                0x0000000000009b1c                gattFindServerInfo
 .text.gattServerHandleConnStatusCB
                0x0000000000009b48       0x98 C:\Users\bitshen\Desktop\SGP41\SGP41-CH59x\LIB\libCH59xBLE.a(gattservapp.o)
                0x0000000000009b48                gattServerHandleConnStatusCB
 .text.gattServerProcessMsgCB
                0x0000000000009be0      0x1c0 C:\Users\bitshen\Desktop\SGP41\SGP41-CH59x\LIB\libCH59xBLE.a(gattservapp.o)
                0x0000000000009be0                gattServerProcessMsgCB
 .text.gattServerNotifyTxCB
                0x0000000000009da0       0x28 C:\Users\bitshen\Desktop\SGP41\SGP41-CH59x\LIB\libCH59xBLE.a(gattservapp.o)
 .text.GATT_FindHandle
                0x0000000000009dc8       0x4a C:\Users\bitshen\Desktop\SGP41\SGP41-CH59x\LIB\libCH59xBLE.a(gattservapp.o)
                0x0000000000009dc8                GATT_FindHandle
 .text.GATTServApp_WriteAttr
                0x0000000000009e12       0xa8 C:\Users\bitshen\Desktop\SGP41\SGP41-CH59x\LIB\libCH59xBLE.a(gattservapp.o)
                0x0000000000009e12                GATTServApp_WriteAttr
 .text.gattServApp_ProcessExecuteWriteReq
                0x0000000000009eba      0x100 C:\Users\bitshen\Desktop\SGP41\SGP41-CH59x\LIB\libCH59xBLE.a(gattservapp.o)
                0x0000000000009eba                gattServApp_ProcessExecuteWriteReq
 .text.gattServApp_ProcessPrepareWriteReq
                0x0000000000009fba      0x10e C:\Users\bitshen\Desktop\SGP41\SGP41-CH59x\LIB\libCH59xBLE.a(gattservapp.o)
                0x0000000000009fba                gattServApp_ProcessPrepareWriteReq
 .text.gattServApp_ProcessWriteReq
                0x000000000000a0c8       0xb0 C:\Users\bitshen\Desktop\SGP41\SGP41-CH59x\LIB\libCH59xBLE.a(gattservapp.o)
                0x000000000000a0c8                gattServApp_ProcessWriteReq
 .text.GATT_Indication
                0x000000000000a178       0xa4 C:\Users\bitshen\Desktop\SGP41\SGP41-CH59x\LIB\libCH59xBLE.a(gattservapp.o)
                0x000000000000a178                GATT_Indication
 .text.GATT_FindHandleUUID
                0x000000000000a21c       0x94 C:\Users\bitshen\Desktop\SGP41\SGP41-CH59x\LIB\libCH59xBLE.a(gattservapp.o)
                0x000000000000a21c                GATT_FindHandleUUID
 .text.gattProcessReadByGrpTypeReq
                0x000000000000a2b0       0x60 C:\Users\bitshen\Desktop\SGP41\SGP41-CH59x\LIB\libCH59xBLE.a(gattservapp.o)
 .text.gattProcessReadByTypeReq
                0x000000000000a310       0x34 C:\Users\bitshen\Desktop\SGP41\SGP41-CH59x\LIB\libCH59xBLE.a(gattservapp.o)
 .text.gattProcessFindByTypeValueReq
                0x000000000000a344       0x34 C:\Users\bitshen\Desktop\SGP41\SGP41-CH59x\LIB\libCH59xBLE.a(gattservapp.o)
 .text.gattProcessFindInfoReq
                0x000000000000a378      0x1aa C:\Users\bitshen\Desktop\SGP41\SGP41-CH59x\LIB\libCH59xBLE.a(gattservapp.o)
 .text.GATT_VerifyWritePermissions
                0x000000000000a522       0x6a C:\Users\bitshen\Desktop\SGP41\SGP41-CH59x\LIB\libCH59xBLE.a(gattservapp.o)
                0x000000000000a522                GATT_VerifyWritePermissions
 .text.gattProcessWriteReq
                0x000000000000a58c       0x36 C:\Users\bitshen\Desktop\SGP41\SGP41-CH59x\LIB\libCH59xBLE.a(gattservapp.o)
 .text.GATT_VerifyPrepareWritePermissions
                0x000000000000a5c2       0x56 C:\Users\bitshen\Desktop\SGP41\SGP41-CH59x\LIB\libCH59xBLE.a(gattservapp.o)
                0x000000000000a5c2                GATT_VerifyPrepareWritePermissions
 .text.gattProcessPrepareWriteReq
                0x000000000000a618       0x36 C:\Users\bitshen\Desktop\SGP41\SGP41-CH59x\LIB\libCH59xBLE.a(gattservapp.o)
 .text.GATT_FindNextAttr
                0x000000000000a64e       0xc2 C:\Users\bitshen\Desktop\SGP41\SGP41-CH59x\LIB\libCH59xBLE.a(gattservapp.o)
                0x000000000000a64e                GATT_FindNextAttr
 .text.GATTServApp_ReadAttr
                0x000000000000a710      0x2ea C:\Users\bitshen\Desktop\SGP41\SGP41-CH59x\LIB\libCH59xBLE.a(gattservapp.o)
                0x000000000000a710                GATTServApp_ReadAttr
 .text.gattServApp_ProcessReadMultiReq
                0x000000000000a9fa      0x16e C:\Users\bitshen\Desktop\SGP41\SGP41-CH59x\LIB\libCH59xBLE.a(gattservapp.o)
                0x000000000000a9fa                gattServApp_ProcessReadMultiReq
 .text.gattServApp_ProcessFindByTypeValueReq
                0x000000000000ab68      0x1a0 C:\Users\bitshen\Desktop\SGP41\SGP41-CH59x\LIB\libCH59xBLE.a(gattservapp.o)
                0x000000000000ab68                gattServApp_ProcessFindByTypeValueReq
 .text.GATT_VerifyReadPermissions
                0x000000000000ad08       0x68 C:\Users\bitshen\Desktop\SGP41\SGP41-CH59x\LIB\libCH59xBLE.a(gattservapp.o)
                0x000000000000ad08                GATT_VerifyReadPermissions
 .text.gattProcessReadMultiReq
                0x000000000000ad70       0xae C:\Users\bitshen\Desktop\SGP41\SGP41-CH59x\LIB\libCH59xBLE.a(gattservapp.o)
 .text.gattProcessReadReq
                0x000000000000ae1e       0x30 C:\Users\bitshen\Desktop\SGP41\SGP41-CH59x\LIB\libCH59xBLE.a(gattservapp.o)
 .text.gattServApp_ProcessReadByGrpTypeReq
                0x000000000000ae4e      0x21c C:\Users\bitshen\Desktop\SGP41\SGP41-CH59x\LIB\libCH59xBLE.a(gattservapp.o)
                0x000000000000ae4e                gattServApp_ProcessReadByGrpTypeReq
 .text.gattServApp_ProcessReadByTypeReq
                0x000000000000b06a      0x1ae C:\Users\bitshen\Desktop\SGP41\SGP41-CH59x\LIB\libCH59xBLE.a(gattservapp.o)
                0x000000000000b06a                gattServApp_ProcessReadByTypeReq
 .text.GATTServApp_InitCharCfg
                0x000000000000b218       0x28 C:\Users\bitshen\Desktop\SGP41\SGP41-CH59x\LIB\libCH59xBLE.a(gattservapp.o)
                0x000000000000b218                GATTServApp_InitCharCfg
 .text.gattServApp_HandleConnStatusCB
                0x000000000000b240       0x74 C:\Users\bitshen\Desktop\SGP41\SGP41-CH59x\LIB\libCH59xBLE.a(gattservapp.o)
                0x000000000000b240                gattServApp_HandleConnStatusCB
 .text.GATT_InitServer
                0x000000000000b2b4       0xfa C:\Users\bitshen\Desktop\SGP41\SGP41-CH59x\LIB\libCH59xBLE.a(gattservapp.o)
                0x000000000000b2b4                GATT_InitServer
 .text.GATTServApp_Init
                0x000000000000b3ae       0x34 C:\Users\bitshen\Desktop\SGP41\SGP41-CH59x\LIB\libCH59xBLE.a(gattservapp.o)
                0x000000000000b3ae                GATTServApp_Init
 .text.GATTServApp_ProcessEvent
                0x000000000000b3e2      0x36a C:\Users\bitshen\Desktop\SGP41\SGP41-CH59x\LIB\libCH59xBLE.a(gattservapp.o)
                0x000000000000b3e2                GATTServApp_ProcessEvent
 .text.l2capAllocConnChannel
                0x000000000000b74c       0xe0 C:\Users\bitshen\Desktop\SGP41\SGP41-CH59x\LIB\libCH59xBLE.a(l2cap.o)
                0x000000000000b74c                l2capAllocConnChannel
 .text.l2capFindLocalCID
                0x000000000000b82c       0x2c C:\Users\bitshen\Desktop\SGP41\SGP41-CH59x\LIB\libCH59xBLE.a(l2cap.o)
                0x000000000000b82c                l2capFindLocalCID
 .text.l2capFindLocalId
                0x000000000000b858       0x30 C:\Users\bitshen\Desktop\SGP41\SGP41-CH59x\LIB\libCH59xBLE.a(l2cap.o)
                0x000000000000b858                l2capFindLocalId
 .text.l2capFindPsm
                0x000000000000b888       0x30 C:\Users\bitshen\Desktop\SGP41\SGP41-CH59x\LIB\libCH59xBLE.a(l2cap.o)
                0x000000000000b888                l2capFindPsm
 .text.l2capFindRemoteCID
                0x000000000000b8b8       0x3c C:\Users\bitshen\Desktop\SGP41\SGP41-CH59x\LIB\libCH59xBLE.a(l2cap.o)
                0x000000000000b8b8                l2capFindRemoteCID
 .text.l2capFreeChannel
                0x000000000000b8f4       0x4e C:\Users\bitshen\Desktop\SGP41\SGP41-CH59x\LIB\libCH59xBLE.a(l2cap.o)
                0x000000000000b8f4                l2capFreeChannel
 .text.l2capDisconnectChannel
                0x000000000000b942       0x28 C:\Users\bitshen\Desktop\SGP41\SGP41-CH59x\LIB\libCH59xBLE.a(l2cap.o)
                0x000000000000b942                l2capDisconnectChannel
 .text.l2capHandleTimerCB
                0x000000000000b96a       0x2c C:\Users\bitshen\Desktop\SGP41\SGP41-CH59x\LIB\libCH59xBLE.a(l2cap.o)
                0x000000000000b96a                l2capHandleTimerCB
 .text.l2capFreePendingPkt
                0x000000000000b996       0x58 C:\Users\bitshen\Desktop\SGP41\SGP41-CH59x\LIB\libCH59xBLE.a(l2cap.o)
                0x000000000000b996                l2capFreePendingPkt
 .text.l2capGetCoChannelInfo
                0x000000000000b9ee       0x86 C:\Users\bitshen\Desktop\SGP41\SGP41-CH59x\LIB\libCH59xBLE.a(l2cap.o)
                0x000000000000b9ee                l2capGetCoChannelInfo
 .text.l2capNumActiveChannnels
                0x000000000000ba74       0x48 C:\Users\bitshen\Desktop\SGP41\SGP41-CH59x\LIB\libCH59xBLE.a(l2cap.o)
                0x000000000000ba74                l2capNumActiveChannnels
 .text.l2capStartTimer
                0x000000000000babc       0x1a C:\Users\bitshen\Desktop\SGP41\SGP41-CH59x\LIB\libCH59xBLE.a(l2cap.o)
                0x000000000000babc                l2capStartTimer
 .text.l2capStopTimer
                0x000000000000bad6       0x1e C:\Users\bitshen\Desktop\SGP41\SGP41-CH59x\LIB\libCH59xBLE.a(l2cap.o)
                0x000000000000bad6                l2capStopTimer
 .text.l2capDisconnectAllChannels
                0x000000000000baf4       0xdc C:\Users\bitshen\Desktop\SGP41\SGP41-CH59x\LIB\libCH59xBLE.a(l2cap.o)
                0x000000000000baf4                l2capDisconnectAllChannels
 .text.l2capHandleConnStatusCB
                0x000000000000bbd0       0x3c C:\Users\bitshen\Desktop\SGP41\SGP41-CH59x\LIB\libCH59xBLE.a(l2cap.o)
                0x000000000000bbd0                l2capHandleConnStatusCB
 .text.l2capHandleRxError
                0x000000000000bc0c        0x6 C:\Users\bitshen\Desktop\SGP41\SGP41-CH59x\LIB\libCH59xBLE.a(l2cap.o)
                0x000000000000bc0c                l2capHandleRxError
 .text.L2CAP_GetMTU
                0x000000000000bc12        0x6 C:\Users\bitshen\Desktop\SGP41\SGP41-CH59x\LIB\libCH59xBLE.a(l2cap.o)
                0x000000000000bc12                L2CAP_GetMTU
 .text.L2CAP_HostNumCompletedPkts
                0x000000000000bc18       0x28 C:\Users\bitshen\Desktop\SGP41\SGP41-CH59x\LIB\libCH59xBLE.a(l2cap.o)
                0x000000000000bc18                L2CAP_HostNumCompletedPkts
 .text.L2CAP_ParseConnectReq
                0x000000000000bc40       0x5e C:\Users\bitshen\Desktop\SGP41\SGP41-CH59x\LIB\libCH59xBLE.a(l2cap.o)
                0x000000000000bc40                L2CAP_ParseConnectReq
 .text.L2CAP_ParseFlowCtrlCredit
                0x000000000000bc9e       0x2e C:\Users\bitshen\Desktop\SGP41\SGP41-CH59x\LIB\libCH59xBLE.a(l2cap.o)
                0x000000000000bc9e                L2CAP_ParseFlowCtrlCredit
 .text.L2CAP_RegisterApp
                0x000000000000bccc       0x30 C:\Users\bitshen\Desktop\SGP41\SGP41-CH59x\LIB\libCH59xBLE.a(l2cap.o)
                0x000000000000bccc                L2CAP_RegisterApp
 .text.L2CAP_SetBufSize
                0x000000000000bcfc       0x1e C:\Users\bitshen\Desktop\SGP41\SGP41-CH59x\LIB\libCH59xBLE.a(l2cap.o)
                0x000000000000bcfc                L2CAP_SetBufSize
 .text.L2CAP_bm_alloc
                0x000000000000bd1a       0x2a C:\Users\bitshen\Desktop\SGP41\SGP41-CH59x\LIB\libCH59xBLE.a(l2cap.o)
                0x000000000000bd1a                L2CAP_bm_alloc
 .text.L2CAP_Init
                0x000000000000bd44      0x15e C:\Users\bitshen\Desktop\SGP41\SGP41-CH59x\LIB\libCH59xBLE.a(l2cap.o)
                0x000000000000bd44                L2CAP_Init
 .text.L2CAP_ProcessEvent
                0x000000000000bea2       0xd4 C:\Users\bitshen\Desktop\SGP41\SGP41-CH59x\LIB\libCH59xBLE.a(l2cap.o)
                0x000000000000bea2                L2CAP_ProcessEvent
 .text.l2capParseCmdReject
                0x000000000000bf76       0x5e C:\Users\bitshen\Desktop\SGP41\SGP41-CH59x\LIB\libCH59xBLE.a(l2cap_input.o)
                0x000000000000bf76                l2capParseCmdReject
 .text.l2capParseDisconnectReq
                0x000000000000bfd4       0x2e C:\Users\bitshen\Desktop\SGP41\SGP41-CH59x\LIB\libCH59xBLE.a(l2cap_input.o)
                0x000000000000bfd4                l2capParseDisconnectReq
 .text.l2capParseDisconnectRsp
                0x000000000000c002       0x2e C:\Users\bitshen\Desktop\SGP41\SGP41-CH59x\LIB\libCH59xBLE.a(l2cap_input.o)
                0x000000000000c002                l2capParseDisconnectRsp
 .text.L2CAP_ParseParamUpdateReq
                0x000000000000c030       0x4e C:\Users\bitshen\Desktop\SGP41\SGP41-CH59x\LIB\libCH59xBLE.a(l2cap_input.o)
                0x000000000000c030                L2CAP_ParseParamUpdateReq
 .text.l2capParseParamUpdateRsp
                0x000000000000c07e       0x1e C:\Users\bitshen\Desktop\SGP41\SGP41-CH59x\LIB\libCH59xBLE.a(l2cap_input.o)
                0x000000000000c07e                l2capParseParamUpdateRsp
 .text.l2capProcessConnectReq
                0x000000000000c09c       0xfc C:\Users\bitshen\Desktop\SGP41\SGP41-CH59x\LIB\libCH59xBLE.a(l2cap_input.o)
                0x000000000000c09c                l2capProcessConnectReq
 .text.l2capParseConnectRsp
                0x000000000000c198       0x5e C:\Users\bitshen\Desktop\SGP41\SGP41-CH59x\LIB\libCH59xBLE.a(l2cap_input.o)
                0x000000000000c198                l2capParseConnectRsp
 .text.l2capParseSignalHdr
                0x000000000000c1f6       0x22 C:\Users\bitshen\Desktop\SGP41\SGP41-CH59x\LIB\libCH59xBLE.a(l2cap_input.o)
                0x000000000000c1f6                l2capParseSignalHdr
 .text.l2capParsePacket
                0x000000000000c218       0x8c C:\Users\bitshen\Desktop\SGP41\SGP41-CH59x\LIB\libCH59xBLE.a(l2cap_input.o)
                0x000000000000c218                l2capParsePacket
 .text.l2capProcessReq
                0x000000000000c2a4      0x15e C:\Users\bitshen\Desktop\SGP41\SGP41-CH59x\LIB\libCH59xBLE.a(l2cap_input.o)
                0x000000000000c2a4                l2capProcessReq
 .text.l2capProcessRsp
                0x000000000000c402      0x150 C:\Users\bitshen\Desktop\SGP41\SGP41-CH59x\LIB\libCH59xBLE.a(l2cap_input.o)
                0x000000000000c402                l2capProcessRsp
 .text.l2capProcessRxData
                0x000000000000c552       0xf8 C:\Users\bitshen\Desktop\SGP41\SGP41-CH59x\LIB\libCH59xBLE.a(l2cap_input.o)
                0x000000000000c552                l2capProcessRxData
 .text.l2capNotifyData
                0x000000000000c64a       0x5e C:\Users\bitshen\Desktop\SGP41\SGP41-CH59x\LIB\libCH59xBLE.a(l2cap_output.o)
                0x000000000000c64a                l2capNotifyData
 .text.l2capNotifySignal
                0x000000000000c6a8       0x7a C:\Users\bitshen\Desktop\SGP41\SGP41-CH59x\LIB\libCH59xBLE.a(l2cap_output.o)
                0x000000000000c6a8                l2capNotifySignal
 .text.l2capNotifyCreditEvt
                0x000000000000c722       0xa4 C:\Users\bitshen\Desktop\SGP41\SGP41-CH59x\LIB\libCH59xBLE.a(l2cap_output.o)
                0x000000000000c722                l2capNotifyCreditEvt
 .text.l2capNotifyChannelEstEvt
                0x000000000000c7c6       0x5c C:\Users\bitshen\Desktop\SGP41\SGP41-CH59x\LIB\libCH59xBLE.a(l2cap_output.o)
                0x000000000000c7c6                l2capNotifyChannelEstEvt
 .text.l2capNotifyChannelTermEvt
                0x000000000000c822       0x3e C:\Users\bitshen\Desktop\SGP41\SGP41-CH59x\LIB\libCH59xBLE.a(l2cap_output.o)
                0x000000000000c822                l2capNotifyChannelTermEvt
 .text.l2capNotifyEvent
                0x000000000000c860       0x66 C:\Users\bitshen\Desktop\SGP41\SGP41-CH59x\LIB\libCH59xBLE.a(l2cap_output.o)
                0x000000000000c860                l2capNotifyEvent
 .text.l2capStoreFCPkt
                0x000000000000c8c6       0x32 C:\Users\bitshen\Desktop\SGP41\SGP41-CH59x\LIB\libCH59xBLE.a(l2cap_output.o)
                0x000000000000c8c6                l2capStoreFCPkt
 .text.l2capFreeTxSDU
                0x000000000000c8f8       0x9e C:\Users\bitshen\Desktop\SGP41\SGP41-CH59x\LIB\libCH59xBLE.a(l2cap_output.o)
                0x000000000000c8f8                l2capFreeTxSDU
 .text.l2capReassembleSegment
                0x000000000000c996      0x178 C:\Users\bitshen\Desktop\SGP41\SGP41-CH59x\LIB\libCH59xBLE.a(l2cap_output.o)
                0x000000000000c996                l2capReassembleSegment
 .text.l2capEncapSendData
                0x000000000000cb0e       0xf0 C:\Users\bitshen\Desktop\SGP41\SGP41-CH59x\LIB\libCH59xBLE.a(l2cap_output.o)
                0x000000000000cb0e                l2capEncapSendData
 .text.l2capSendFCPkt.part.3
                0x000000000000cbfe       0x70 C:\Users\bitshen\Desktop\SGP41\SGP41-CH59x\LIB\libCH59xBLE.a(l2cap_output.o)
 .text.l2capSendSegment
                0x000000000000cc6e      0x108 C:\Users\bitshen\Desktop\SGP41\SGP41-CH59x\LIB\libCH59xBLE.a(l2cap_output.o)
                0x000000000000cc6e                l2capSendSegment
 .text.l2capSendNextSegment
                0x000000000000cd76       0xb4 C:\Users\bitshen\Desktop\SGP41\SGP41-CH59x\LIB\libCH59xBLE.a(l2cap_output.o)
                0x000000000000cd76                l2capSendNextSegment
 .text.l2capSendPkt
                0x000000000000ce2a       0x3a C:\Users\bitshen\Desktop\SGP41\SGP41-CH59x\LIB\libCH59xBLE.a(l2cap_output.o)
                0x000000000000ce2a                l2capSendPkt
 .text.L2CAP_SendData
                0x000000000000ce64       0x82 C:\Users\bitshen\Desktop\SGP41\SGP41-CH59x\LIB\libCH59xBLE.a(l2cap_output.o)
                0x000000000000ce64                L2CAP_SendData
 .text.l2capSendCmd
                0x000000000000cee6       0x8a C:\Users\bitshen\Desktop\SGP41\SGP41-CH59x\LIB\libCH59xBLE.a(l2cap_output.o)
                0x000000000000cee6                l2capSendCmd
 .text.l2capSendReq
                0x000000000000cf70       0xc8 C:\Users\bitshen\Desktop\SGP41\SGP41-CH59x\LIB\libCH59xBLE.a(l2cap_output.o)
                0x000000000000cf70                l2capSendReq
 .text.l2capBuildDisconnectReq
                0x000000000000d038       0x28 C:\Users\bitshen\Desktop\SGP41\SGP41-CH59x\LIB\libCH59xBLE.a(l2cap_sdu.o)
 .text.l2capBuildParamUpdateReq
                0x000000000000d060       0x4c C:\Users\bitshen\Desktop\SGP41\SGP41-CH59x\LIB\libCH59xBLE.a(l2cap_sdu.o)
 .text.l2capBuildParamUpdateRsp
                0x000000000000d0ac       0x16 C:\Users\bitshen\Desktop\SGP41\SGP41-CH59x\LIB\libCH59xBLE.a(l2cap_sdu.o)
 .text.l2capBuildConnectRsp
                0x000000000000d0c2       0x5e C:\Users\bitshen\Desktop\SGP41\SGP41-CH59x\LIB\libCH59xBLE.a(l2cap_sdu.o)
 .text.l2capBuildCmdReject
                0x000000000000d120       0x62 C:\Users\bitshen\Desktop\SGP41\SGP41-CH59x\LIB\libCH59xBLE.a(l2cap_sdu.o)
                0x000000000000d120                l2capBuildCmdReject
 .text.l2capBuildDisconnectRsp
                0x000000000000d182       0x28 C:\Users\bitshen\Desktop\SGP41\SGP41-CH59x\LIB\libCH59xBLE.a(l2cap_sdu.o)
                0x000000000000d182                l2capBuildDisconnectRsp
 .text.l2capSendConnectRsp
                0x000000000000d1aa       0xaa C:\Users\bitshen\Desktop\SGP41\SGP41-CH59x\LIB\libCH59xBLE.a(l2cap_sdu.o)
                0x000000000000d1aa                l2capSendConnectRsp
 .text.L2CAP_CmdReject
                0x000000000000d254       0x12 C:\Users\bitshen\Desktop\SGP41\SGP41-CH59x\LIB\libCH59xBLE.a(l2cap_sdu.o)
                0x000000000000d254                L2CAP_CmdReject
 .text.L2CAP_DisconnectReq
                0x000000000000d266       0x2a C:\Users\bitshen\Desktop\SGP41\SGP41-CH59x\LIB\libCH59xBLE.a(l2cap_sdu.o)
                0x000000000000d266                L2CAP_DisconnectReq
 .text.L2CAP_ConnParamUpdateReq
                0x000000000000d290       0x16 C:\Users\bitshen\Desktop\SGP41\SGP41-CH59x\LIB\libCH59xBLE.a(l2cap_sdu.o)
                0x000000000000d290                L2CAP_ConnParamUpdateReq
 .text.L2CAP_ConnParamUpdateRsp
                0x000000000000d2a6       0x12 C:\Users\bitshen\Desktop\SGP41\SGP41-CH59x\LIB\libCH59xBLE.a(l2cap_sdu.o)
                0x000000000000d2a6                L2CAP_ConnParamUpdateRsp
 .text.reportStatusChange
                0x000000000000d2b8       0x3e C:\Users\bitshen\Desktop\SGP41\SGP41-CH59x\LIB\libCH59xBLE.a(linkdb.o)
 .text.linkDB_Init
                0x000000000000d2f6       0xa8 C:\Users\bitshen\Desktop\SGP41\SGP41-CH59x\LIB\libCH59xBLE.a(linkdb.o)
                0x000000000000d2f6                linkDB_Init
 .text.linkDB_Find
                0x000000000000d39e       0x34 C:\Users\bitshen\Desktop\SGP41\SGP41-CH59x\LIB\libCH59xBLE.a(linkdb.o)
                0x000000000000d39e                linkDB_Find
 .text.linkDB_Authen
                0x000000000000d3d2       0x5c C:\Users\bitshen\Desktop\SGP41\SGP41-CH59x\LIB\libCH59xBLE.a(linkdb.o)
                0x000000000000d3d2                linkDB_Authen
 .text.linkDB_FindByAddr
                0x000000000000d42e       0x82 C:\Users\bitshen\Desktop\SGP41\SGP41-CH59x\LIB\libCH59xBLE.a(linkdb.o)
                0x000000000000d42e                linkDB_FindByAddr
 .text.linkDB_FindFirst
                0x000000000000d4b0       0x40 C:\Users\bitshen\Desktop\SGP41\SGP41-CH59x\LIB\libCH59xBLE.a(linkdb.o)
                0x000000000000d4b0                linkDB_FindFirst
 .text.linkDB_MTU
                0x000000000000d4f0       0x18 C:\Users\bitshen\Desktop\SGP41\SGP41-CH59x\LIB\libCH59xBLE.a(linkdb.o)
                0x000000000000d4f0                linkDB_MTU
 .text.linkDB_NumActive
                0x000000000000d508       0x36 C:\Users\bitshen\Desktop\SGP41\SGP41-CH59x\LIB\libCH59xBLE.a(linkdb.o)
                0x000000000000d508                linkDB_NumActive
 .text.linkDB_NumConns
                0x000000000000d53e        0xa C:\Users\bitshen\Desktop\SGP41\SGP41-CH59x\LIB\libCH59xBLE.a(linkdb.o)
                0x000000000000d53e                linkDB_NumConns
 .text.linkDB_Register
                0x000000000000d548       0x28 C:\Users\bitshen\Desktop\SGP41\SGP41-CH59x\LIB\libCH59xBLE.a(linkdb.o)
                0x000000000000d548                linkDB_Register
 .text.linkDB_Remove
                0x000000000000d570       0x4c C:\Users\bitshen\Desktop\SGP41\SGP41-CH59x\LIB\libCH59xBLE.a(linkdb.o)
                0x000000000000d570                linkDB_Remove
 .text.linkDB_Role
                0x000000000000d5bc       0x18 C:\Users\bitshen\Desktop\SGP41\SGP41-CH59x\LIB\libCH59xBLE.a(linkdb.o)
                0x000000000000d5bc                linkDB_Role
 .text.linkDB_State
                0x000000000000d5d4       0x30 C:\Users\bitshen\Desktop\SGP41\SGP41-CH59x\LIB\libCH59xBLE.a(linkdb.o)
                0x000000000000d5d4                linkDB_State
 .text.linkDB_UpdateMTU
                0x000000000000d604       0x28 C:\Users\bitshen\Desktop\SGP41\SGP41-CH59x\LIB\libCH59xBLE.a(linkdb.o)
                0x000000000000d604                linkDB_UpdateMTU
 .text.linkDB_PerformFunc
                0x000000000000d62c       0x5a C:\Users\bitshen\Desktop\SGP41\SGP41-CH59x\LIB\libCH59xBLE.a(linkdb.o)
                0x000000000000d62c                linkDB_PerformFunc
 .text.linkDB_GetSMEvtID
                0x000000000000d686       0x60 C:\Users\bitshen\Desktop\SGP41\SGP41-CH59x\LIB\libCH59xBLE.a(linkdb.o)
                0x000000000000d686                linkDB_GetSMEvtID
 .text.linkDB_Add
                0x000000000000d6e6       0xb2 C:\Users\bitshen\Desktop\SGP41\SGP41-CH59x\LIB\libCH59xBLE.a(linkdb.o)
                0x000000000000d6e6                linkDB_Add
 .text.linkDB_GetHandleFromSMEvtID
                0x000000000000d798       0x3a C:\Users\bitshen\Desktop\SGP41\SGP41-CH59x\LIB\libCH59xBLE.a(linkdb.o)
                0x000000000000d798                linkDB_GetHandleFromSMEvtID
 .text.linkDB_GetPairingParam
                0x000000000000d7d2       0x76 C:\Users\bitshen\Desktop\SGP41\SGP41-CH59x\LIB\libCH59xBLE.a(linkdb.o)
                0x000000000000d7d2                linkDB_GetPairingParam
 .text.linkDB_NeedSendKey
                0x000000000000d848       0x4c C:\Users\bitshen\Desktop\SGP41\SGP41-CH59x\LIB\libCH59xBLE.a(linkdb.o)
                0x000000000000d848                linkDB_NeedSendKey
 .text.smStartRspTimer
                0x000000000000d894       0x3a C:\Users\bitshen\Desktop\SGP41\SGP41-CH59x\LIB\libCH59xBLE.a(sm.o)
 .text.smStartEncryption
                0x000000000000d8ce       0xa0 C:\Users\bitshen\Desktop\SGP41\SGP41-CH59x\LIB\libCH59xBLE.a(sm.o)
 .text.smFreePairingParams
                0x000000000000d96e       0x7e C:\Users\bitshen\Desktop\SGP41\SGP41-CH59x\LIB\libCH59xBLE.a(sm.o)
                0x000000000000d96e                smFreePairingParams
 .text.smEndPairing
                0x000000000000d9ec       0x60 C:\Users\bitshen\Desktop\SGP41\SGP41-CH59x\LIB\libCH59xBLE.a(sm.o)
                0x000000000000d9ec                smEndPairing
 .text.smLinkCheck
                0x000000000000da4c       0x34 C:\Users\bitshen\Desktop\SGP41\SGP41-CH59x\LIB\libCH59xBLE.a(sm.o)
                0x000000000000da4c                smLinkCheck
 .text.smNextPairingState
                0x000000000000da80       0x60 C:\Users\bitshen\Desktop\SGP41\SGP41-CH59x\LIB\libCH59xBLE.a(sm.o)
                0x000000000000da80                smNextPairingState
 .text.smProcessEncryptChange
                0x000000000000dae0       0xf8 C:\Users\bitshen\Desktop\SGP41\SGP41-CH59x\LIB\libCH59xBLE.a(sm.o)
                0x000000000000dae0                smProcessEncryptChange
 .text.smSendSMMsg
                0x000000000000dbd8       0x5c C:\Users\bitshen\Desktop\SGP41\SGP41-CH59x\LIB\libCH59xBLE.a(sm.o)
                0x000000000000dbd8                smSendSMMsg
 .text.smSendFailAndEnd
                0x000000000000dc34       0x38 C:\Users\bitshen\Desktop\SGP41\SGP41-CH59x\LIB\libCH59xBLE.a(sm.o)
                0x000000000000dc34                smSendFailAndEnd
 .text.smProcessPairingReq
                0x000000000000dc6c       0x40 C:\Users\bitshen\Desktop\SGP41\SGP41-CH59x\LIB\libCH59xBLE.a(sm.o)
                0x000000000000dc6c                smProcessPairingReq
 .text.smSetPairingReqRsp
                0x000000000000dcac       0x3c C:\Users\bitshen\Desktop\SGP41\SGP41-CH59x\LIB\libCH59xBLE.a(sm.o)
                0x000000000000dcac                smSetPairingReqRsp
 .text.SM_StartEncryption
                0x000000000000dce8       0x1a C:\Users\bitshen\Desktop\SGP41\SGP41-CH59x\LIB\libCH59xBLE.a(sm.o)
                0x000000000000dce8                SM_StartEncryption
 .text.sm_dhkey
                0x000000000000dd02       0x3e C:\Users\bitshen\Desktop\SGP41\SGP41-CH59x\LIB\libCH59xBLE.a(sm.o)
                0x000000000000dd02                sm_dhkey
 .text.sm_c1    0x000000000000dd40       0xb4 C:\Users\bitshen\Desktop\SGP41\SGP41-CH59x\LIB\libCH59xBLE.a(sm.o)
                0x000000000000dd40                sm_c1
 .text.smDetermineKeySize
                0x000000000000ddf4       0x20 C:\Users\bitshen\Desktop\SGP41\SGP41-CH59x\LIB\libCH59xBLE.a(sm.o)
                0x000000000000ddf4                smDetermineKeySize
 .text.smpParsePairingReq
                0x000000000000de14      0x118 C:\Users\bitshen\Desktop\SGP41\SGP41-CH59x\LIB\libCH59xBLE.a(sm.o)
                0x000000000000de14                smpParsePairingReq
 .text.smpParseEncInfo
                0x000000000000df2c       0x2a C:\Users\bitshen\Desktop\SGP41\SGP41-CH59x\LIB\libCH59xBLE.a(sm.o)
                0x000000000000df2c                smpParseEncInfo
 .text.smpParseIdentityAddrInfo
                0x000000000000df56       0x34 C:\Users\bitshen\Desktop\SGP41\SGP41-CH59x\LIB\libCH59xBLE.a(sm.o)
                0x000000000000df56                smpParseIdentityAddrInfo
 .text.smpParseIdentityInfo
                0x000000000000df8a       0x2a C:\Users\bitshen\Desktop\SGP41\SGP41-CH59x\LIB\libCH59xBLE.a(sm.o)
                0x000000000000df8a                smpParseIdentityInfo
 .text.smpParseMasterID
                0x000000000000dfb4       0x3c C:\Users\bitshen\Desktop\SGP41\SGP41-CH59x\LIB\libCH59xBLE.a(sm.o)
                0x000000000000dfb4                smpParseMasterID
 .text.smpParsePairingConfirm
                0x000000000000dff0       0x2a C:\Users\bitshen\Desktop\SGP41\SGP41-CH59x\LIB\libCH59xBLE.a(sm.o)
                0x000000000000dff0                smpParsePairingConfirm
 .text.smpParsePairingFailed
                0x000000000000e01a       0x1c C:\Users\bitshen\Desktop\SGP41\SGP41-CH59x\LIB\libCH59xBLE.a(sm.o)
                0x000000000000e01a                smpParsePairingFailed
 .text.smpParsePairingRandom
                0x000000000000e036       0x2a C:\Users\bitshen\Desktop\SGP41\SGP41-CH59x\LIB\libCH59xBLE.a(sm.o)
                0x000000000000e036                smpParsePairingRandom
 .text.smpParseSigningInfo
                0x000000000000e060       0x2a C:\Users\bitshen\Desktop\SGP41\SGP41-CH59x\LIB\libCH59xBLE.a(sm.o)
                0x000000000000e060                smpParseSigningInfo
 .text.smpParsePairingPublicKey
                0x000000000000e08a       0x2c C:\Users\bitshen\Desktop\SGP41\SGP41-CH59x\LIB\libCH59xBLE.a(sm.o)
                0x000000000000e08a                smpParsePairingPublicKey
 .text.smpParsePairingDHKeyCheck
                0x000000000000e0b6       0x2a C:\Users\bitshen\Desktop\SGP41\SGP41-CH59x\LIB\libCH59xBLE.a(sm.o)
                0x000000000000e0b6                smpParsePairingDHKeyCheck
 .text.smProcessDataMsg
                0x000000000000e0e0      0x104 C:\Users\bitshen\Desktop\SGP41\SGP41-CH59x\LIB\libCH59xBLE.a(sm.o)
                0x000000000000e0e0                smProcessDataMsg
 .text.smProcessTMOSMsg
                0x000000000000e1e4      0x170 C:\Users\bitshen\Desktop\SGP41\SGP41-CH59x\LIB\libCH59xBLE.a(sm.o)
                0x000000000000e1e4                smProcessTMOSMsg
 .text.SM_CalcRandomAddr
                0x000000000000e354       0x54 C:\Users\bitshen\Desktop\SGP41\SGP41-CH59x\LIB\libCH59xBLE.a(sm.o)
                0x000000000000e354                SM_CalcRandomAddr
 .text.SM_GenerateAuthenSig
                0x000000000000e3a8       0xe6 C:\Users\bitshen\Desktop\SGP41\SGP41-CH59x\LIB\libCH59xBLE.a(sm.o)
                0x000000000000e3a8                SM_GenerateAuthenSig
 .text.SM_PasskeyUpdate
                0x000000000000e48e       0xe6 C:\Users\bitshen\Desktop\SGP41\SGP41-CH59x\LIB\libCH59xBLE.a(sm.o)
                0x000000000000e48e                SM_PasskeyUpdate
 .text.SM_ResolveRandomAddrs
                0x000000000000e574       0x5e C:\Users\bitshen\Desktop\SGP41\SGP41-CH59x\LIB\libCH59xBLE.a(sm.o)
                0x000000000000e574                SM_ResolveRandomAddrs
 .text.SM_StartPairing
                0x000000000000e5d2       0xc2 C:\Users\bitshen\Desktop\SGP41\SGP41-CH59x\LIB\libCH59xBLE.a(sm.o)
                0x000000000000e5d2                SM_StartPairing
 .text.SM_VerifyAuthenSig
                0x000000000000e694      0x150 C:\Users\bitshen\Desktop\SGP41\SGP41-CH59x\LIB\libCH59xBLE.a(sm.o)
                0x000000000000e694                SM_VerifyAuthenSig
 .text.SM_ProcessEvent
                0x000000000000e7e4       0xb4 C:\Users\bitshen\Desktop\SGP41\SGP41-CH59x\LIB\libCH59xBLE.a(sm.o)
                0x000000000000e7e4                SM_ProcessEvent
 .text.SM_ParamInit
                0x000000000000e898       0x66 C:\Users\bitshen\Desktop\SGP41\SGP41-CH59x\LIB\libCH59xBLE.a(sm.o)
                0x000000000000e898                SM_ParamInit
 .text.SM_InitiatorInit
                0x000000000000e8fe       0x22 C:\Users\bitshen\Desktop\SGP41\SGP41-CH59x\LIB\libCH59xBLE.a(sm.o)
                0x000000000000e8fe                SM_InitiatorInit
 .text.SM_ResponderInit
                0x000000000000e920       0x22 C:\Users\bitshen\Desktop\SGP41\SGP41-CH59x\LIB\libCH59xBLE.a(sm.o)
                0x000000000000e920                SM_ResponderInit
 .text.SM_Init  0x000000000000e942       0x2a C:\Users\bitshen\Desktop\SGP41\SGP41-CH59x\LIB\libCH59xBLE.a(sm.o)
                0x000000000000e942                SM_Init
 .text.smpInitiatorProcessPairingRsp
                0x000000000000e96c      0x26e C:\Users\bitshen\Desktop\SGP41\SGP41-CH59x\LIB\libCH59xBLE.a(sm_initiator.o)
                0x000000000000e96c                smpInitiatorProcessPairingRsp
 .text.smInitiatorSendNextKeyInfo
                0x000000000000ebda      0x26e C:\Users\bitshen\Desktop\SGP41\SGP41-CH59x\LIB\libCH59xBLE.a(sm_initiator.o)
                0x000000000000ebda                smInitiatorSendNextKeyInfo
 .text.setupInitiatorKeys
                0x000000000000ee48       0x88 C:\Users\bitshen\Desktop\SGP41\SGP41-CH59x\LIB\libCH59xBLE.a(sm_initiator.o)
 .text.smpInitiatorProcessIncoming
                0x000000000000eed0      0x418 C:\Users\bitshen\Desktop\SGP41\SGP41-CH59x\LIB\libCH59xBLE.a(sm_initiator.o)
                0x000000000000eed0                smpInitiatorProcessIncoming
 .text.smpBuildPairingReqRsp
                0x000000000000f2e8       0xc6 C:\Users\bitshen\Desktop\SGP41\SGP41-CH59x\LIB\libCH59xBLE.a(sm_pdu.o)
 .text.smpBuildPairingReq
                0x000000000000f3ae        0xa C:\Users\bitshen\Desktop\SGP41\SGP41-CH59x\LIB\libCH59xBLE.a(sm_pdu.o)
                0x000000000000f3ae                smpBuildPairingReq
 .text.smpBuildPairingRsp
                0x000000000000f3b8        0xa C:\Users\bitshen\Desktop\SGP41\SGP41-CH59x\LIB\libCH59xBLE.a(sm_pdu.o)
                0x000000000000f3b8                smpBuildPairingRsp
 .text.smpBuildPairingConfirm
                0x000000000000f3c2       0x30 C:\Users\bitshen\Desktop\SGP41\SGP41-CH59x\LIB\libCH59xBLE.a(sm_pdu.o)
                0x000000000000f3c2                smpBuildPairingConfirm
 .text.smpBuildPairingRandom
                0x000000000000f3f2       0x30 C:\Users\bitshen\Desktop\SGP41\SGP41-CH59x\LIB\libCH59xBLE.a(sm_pdu.o)
                0x000000000000f3f2                smpBuildPairingRandom
 .text.smpBuildEncInfo
                0x000000000000f422       0x30 C:\Users\bitshen\Desktop\SGP41\SGP41-CH59x\LIB\libCH59xBLE.a(sm_pdu.o)
                0x000000000000f422                smpBuildEncInfo
 .text.smpBuildMasterID
                0x000000000000f452       0x44 C:\Users\bitshen\Desktop\SGP41\SGP41-CH59x\LIB\libCH59xBLE.a(sm_pdu.o)
                0x000000000000f452                smpBuildMasterID
 .text.smpBuildIdentityInfo
                0x000000000000f496       0x30 C:\Users\bitshen\Desktop\SGP41\SGP41-CH59x\LIB\libCH59xBLE.a(sm_pdu.o)
                0x000000000000f496                smpBuildIdentityInfo
 .text.smpBuildIdentityAddrInfo
                0x000000000000f4c6       0x3a C:\Users\bitshen\Desktop\SGP41\SGP41-CH59x\LIB\libCH59xBLE.a(sm_pdu.o)
                0x000000000000f4c6                smpBuildIdentityAddrInfo
 .text.smpBuildSigningInfo
                0x000000000000f500       0x30 C:\Users\bitshen\Desktop\SGP41\SGP41-CH59x\LIB\libCH59xBLE.a(sm_pdu.o)
                0x000000000000f500                smpBuildSigningInfo
 .text.smpBuildPublicKey
                0x000000000000f530       0x32 C:\Users\bitshen\Desktop\SGP41\SGP41-CH59x\LIB\libCH59xBLE.a(sm_pdu.o)
                0x000000000000f530                smpBuildPublicKey
 .text.smpBuildDHKey
                0x000000000000f562       0x30 C:\Users\bitshen\Desktop\SGP41\SGP41-CH59x\LIB\libCH59xBLE.a(sm_pdu.o)
                0x000000000000f562                smpBuildDHKey
 .text.smpBuildPairingFailed
                0x000000000000f592       0x1a C:\Users\bitshen\Desktop\SGP41\SGP41-CH59x\LIB\libCH59xBLE.a(sm_pdu.o)
                0x000000000000f592                smpBuildPairingFailed
 .text.smGeneratePairingReq
                0x000000000000f5ac       0x30 C:\Users\bitshen\Desktop\SGP41\SGP41-CH59x\LIB\libCH59xBLE.a(sm_pdu.o)
                0x000000000000f5ac                smGeneratePairingReq
 .text.smGeneratePairingRsp
                0x000000000000f5dc       0x30 C:\Users\bitshen\Desktop\SGP41\SGP41-CH59x\LIB\libCH59xBLE.a(sm_pdu.o)
                0x000000000000f5dc                smGeneratePairingRsp
 .text.smGenerateConfirm
                0x000000000000f60c       0x34 C:\Users\bitshen\Desktop\SGP41\SGP41-CH59x\LIB\libCH59xBLE.a(sm_pdu.o)
                0x000000000000f60c                smGenerateConfirm
 .text.smGenerateRandMsg
                0x000000000000f640       0x34 C:\Users\bitshen\Desktop\SGP41\SGP41-CH59x\LIB\libCH59xBLE.a(sm_pdu.o)
                0x000000000000f640                smGenerateRandMsg
 .text.smGeneratePairingPublicKey
                0x000000000000f674       0x64 C:\Users\bitshen\Desktop\SGP41\SGP41-CH59x\LIB\libCH59xBLE.a(sm_pdu.o)
                0x000000000000f674                smGeneratePairingPublicKey
 .text.smGeneratePairingDHKeyCheck
                0x000000000000f6d8      0x250 C:\Users\bitshen\Desktop\SGP41\SGP41-CH59x\LIB\libCH59xBLE.a(sm_pdu.o)
                0x000000000000f6d8                smGeneratePairingDHKeyCheck
 .text.smPairingSendEncInfo